17:02:46 **** Incremental Build of configuration Debug for project STM32_Task_Delete_Updated ****
make -j8 all 
Building file: ../src/main.c
Building file: ../src/syscalls.c
Invoking: MCU GCC Compiler
Invoking: MCU GCC Compiler
Building file: ../src/system_stm32f4xx.c
Building file: ../Third-party/SEGGER/SEGGER/SEGGER_RTT.c
Building file: ../Third-party/SEGGER/SEGGER/SEGGER_SYSVIEW.c
D:\EmbeddedCodes\RTOS_Workspace\STM32_Task_Delete_Updated\Debug
D:\EmbeddedCodes\RTOS_Workspace\STM32_Task_Delete_Updated\Debug
arm-none-eabi-gcc -mcpu=cortex-m4 -mthumb -mfloat-abi=hard -mfpu=fpv4-sp-d16 -DSTM32 -DSTM32F4 -DSTM32F446RETx -DNUCLEO_F446RE -DDEBUG -DSTM32F446xx -DUSE_STDPERIPH_DRIVER -I"D:/EmbeddedCodes/RTOS_Workspace/STM32_Task_Delete_Updated/StdPeriph_Driver/inc" -I"D:/EmbeddedCodes/RTOS_Workspace/STM32_Task_Delete_Updated/Config" -I"D:/EmbeddedCodes/RTOS_Workspace/STM32_Task_Delete_Updated/Third-party/SEGGER/Config" -I"D:/EmbeddedCodes/RTOS_Workspace/STM32_Task_Delete_Updated/Third-party/SEGGER/OS" -I"D:/EmbeddedCodes/RTOS_Workspace/STM32_Task_Delete_Updated/Third-party/SEGGER/SEGGER" -I"D:/EmbeddedCodes/RTOS_Workspace/STM32_Task_Delete_Updated/Third-party/FreeRTOS/org/Source/portable/GCC/ARM_CM4F" -I"D:/EmbeddedCodes/RTOS_Workspace/STM32_Task_Delete_Updated/Third-party/FreeRTOS/org/Source/include" -I"D:/EmbeddedCodes/RTOS_Workspace/STM32_Task_Delete_Updated/inc" -I"D:/EmbeddedCodes/RTOS_Workspace/STM32_Task_Delete_Updated/CMSIS/device" -I"D:/EmbeddedCodes/RTOS_Workspace/STM32_Task_Delete_Updated/CMSIS/core" -O0 -g3 -Wall -fmessage-length=0 -ffunction-sections -c -MMD -MP -MF"src/main.d" -MT"src/main.o" -o "src/main.o" "../src/main.c"
Invoking: MCU GCC Compiler
arm-none-eabi-gcc -mcpu=cortex-m4 -mthumb -mfloat-abi=hard -mfpu=fpv4-sp-d16 -DSTM32 -DSTM32F4 -DSTM32F446RETx -DNUCLEO_F446RE -DDEBUG -DSTM32F446xx -DUSE_STDPERIPH_DRIVER -I"D:/EmbeddedCodes/RTOS_Workspace/STM32_Task_Delete_Updated/StdPeriph_Driver/inc" -I"D:/EmbeddedCodes/RTOS_Workspace/STM32_Task_Delete_Updated/Config" -I"D:/EmbeddedCodes/RTOS_Workspace/STM32_Task_Delete_Updated/Third-party/SEGGER/Config" -I"D:/EmbeddedCodes/RTOS_Workspace/STM32_Task_Delete_Updated/Third-party/SEGGER/OS" -I"D:/EmbeddedCodes/RTOS_Workspace/STM32_Task_Delete_Updated/Third-party/SEGGER/SEGGER" -I"D:/EmbeddedCodes/RTOS_Workspace/STM32_Task_Delete_Updated/Third-party/FreeRTOS/org/Source/portable/GCC/ARM_CM4F" -I"D:/EmbeddedCodes/RTOS_Workspace/STM32_Task_Delete_Updated/Third-party/FreeRTOS/org/Source/include" -I"D:/EmbeddedCodes/RTOS_Workspace/STM32_Task_Delete_Updated/inc" -I"D:/EmbeddedCodes/RTOS_Workspace/STM32_Task_Delete_Updated/CMSIS/device" -I"D:/EmbeddedCodes/RTOS_Workspace/STM32_Task_Delete_Updated/CMSIS/core" -O0 -g3 -Wall -fmessage-length=0 -ffunction-sections -c -MMD -MP -MF"src/syscalls.d" -MT"src/syscalls.o" -o "src/syscalls.o" "../src/syscalls.c"
Invoking: MCU GCC Compiler
Invoking: MCU GCC Compiler
D:\EmbeddedCodes\RTOS_Workspace\STM32_Task_Delete_Updated\Debug
Building file: ../Third-party/SEGGER/OS/SEGGER_SYSVIEW_FreeRTOS.c
D:\EmbeddedCodes\RTOS_Workspace\STM32_Task_Delete_Updated\Debug
arm-none-eabi-gcc -mcpu=cortex-m4 -mthumb -mfloat-abi=hard -mfpu=fpv4-sp-d16 -DSTM32 -DSTM32F4 -DSTM32F446RETx -DNUCLEO_F446RE -DDEBUG -DSTM32F446xx -DUSE_STDPERIPH_DRIVER -I"D:/EmbeddedCodes/RTOS_Workspace/STM32_Task_Delete_Updated/StdPeriph_Driver/inc" -I"D:/EmbeddedCodes/RTOS_Workspace/STM32_Task_Delete_Updated/Config" -I"D:/EmbeddedCodes/RTOS_Workspace/STM32_Task_Delete_Updated/Third-party/SEGGER/Config" -I"D:/EmbeddedCodes/RTOS_Workspace/STM32_Task_Delete_Updated/Third-party/SEGGER/OS" -I"D:/EmbeddedCodes/RTOS_Workspace/STM32_Task_Delete_Updated/Third-party/SEGGER/SEGGER" -I"D:/EmbeddedCodes/RTOS_Workspace/STM32_Task_Delete_Updated/Third-party/FreeRTOS/org/Source/portable/GCC/ARM_CM4F" -I"D:/EmbeddedCodes/RTOS_Workspace/STM32_Task_Delete_Updated/Third-party/FreeRTOS/org/Source/include" -I"D:/EmbeddedCodes/RTOS_Workspace/STM32_Task_Delete_Updated/inc" -I"D:/EmbeddedCodes/RTOS_Workspace/STM32_Task_Delete_Updated/CMSIS/device" -I"D:/EmbeddedCodes/RTOS_Workspace/STM32_Task_Delete_Updated/CMSIS/core" -O0 -g3 -Wall -fmessage-length=0 -ffunction-sections -c -MMD -MP -MF"src/system_stm32f4xx.d" -MT"src/system_stm32f4xx.o" -o "src/system_stm32f4xx.o" "../src/system_stm32f4xx.c"
D:\EmbeddedCodes\RTOS_Workspace\STM32_Task_Delete_Updated\Debug
Building file: ../Third-party/SEGGER/Config/SEGGER_SYSVIEW_Config_FreeRTOS.c
arm-none-eabi-gcc -mcpu=cortex-m4 -mthumb -mfloat-abi=hard -mfpu=fpv4-sp-d16 -DSTM32 -DSTM32F4 -DSTM32F446RETx -DNUCLEO_F446RE -DDEBUG -DSTM32F446xx -DUSE_STDPERIPH_DRIVER -I"D:/EmbeddedCodes/RTOS_Workspace/STM32_Task_Delete_Updated/StdPeriph_Driver/inc" -I"D:/EmbeddedCodes/RTOS_Workspace/STM32_Task_Delete_Updated/Config" -I"D:/EmbeddedCodes/RTOS_Workspace/STM32_Task_Delete_Updated/Third-party/SEGGER/Config" -I"D:/EmbeddedCodes/RTOS_Workspace/STM32_Task_Delete_Updated/Third-party/SEGGER/OS" -I"D:/EmbeddedCodes/RTOS_Workspace/STM32_Task_Delete_Updated/Third-party/SEGGER/SEGGER" -I"D:/EmbeddedCodes/RTOS_Workspace/STM32_Task_Delete_Updated/Third-party/FreeRTOS/org/Source/portable/GCC/ARM_CM4F" -I"D:/EmbeddedCodes/RTOS_Workspace/STM32_Task_Delete_Updated/Third-party/FreeRTOS/org/Source/include" -I"D:/EmbeddedCodes/RTOS_Workspace/STM32_Task_Delete_Updated/inc" -I"D:/EmbeddedCodes/RTOS_Workspace/STM32_Task_Delete_Updated/CMSIS/device" -I"D:/EmbeddedCodes/RTOS_Workspace/STM32_Task_Delete_Updated/CMSIS/core" -O0 -g3 -Wall -fmessage-length=0 -ffunction-sections -c -MMD -MP -MF"Third-party/SEGGER/SEGGER/SEGGER_RTT.d" -MT"Third-party/SEGGER/SEGGER/SEGGER_RTT.o" -o "Third-party/SEGGER/SEGGER/SEGGER_RTT.o" "../Third-party/SEGGER/SEGGER/SEGGER_RTT.c"
Building file: ../Third-party/FreeRTOS/org/Source/portable/MemMang/heap_4.c
arm-none-eabi-gcc -mcpu=cortex-m4 -mthumb -mfloat-abi=hard -mfpu=fpv4-sp-d16 -DSTM32 -DSTM32F4 -DSTM32F446RETx -DNUCLEO_F446RE -DDEBUG -DSTM32F446xx -DUSE_STDPERIPH_DRIVER -I"D:/EmbeddedCodes/RTOS_Workspace/STM32_Task_Delete_Updated/StdPeriph_Driver/inc" -I"D:/EmbeddedCodes/RTOS_Workspace/STM32_Task_Delete_Updated/Config" -I"D:/EmbeddedCodes/RTOS_Workspace/STM32_Task_Delete_Updated/Third-party/SEGGER/Config" -I"D:/EmbeddedCodes/RTOS_Workspace/STM32_Task_Delete_Updated/Third-party/SEGGER/OS" -I"D:/EmbeddedCodes/RTOS_Workspace/STM32_Task_Delete_Updated/Third-party/SEGGER/SEGGER" -I"D:/EmbeddedCodes/RTOS_Workspace/STM32_Task_Delete_Updated/Third-party/FreeRTOS/org/Source/portable/GCC/ARM_CM4F" -I"D:/EmbeddedCodes/RTOS_Workspace/STM32_Task_Delete_Updated/Third-party/FreeRTOS/org/Source/include" -I"D:/EmbeddedCodes/RTOS_Workspace/STM32_Task_Delete_Updated/inc" -I"D:/EmbeddedCodes/RTOS_Workspace/STM32_Task_Delete_Updated/CMSIS/device" -I"D:/EmbeddedCodes/RTOS_Workspace/STM32_Task_Delete_Updated/CMSIS/core" -O0 -g3 -Wall -fmessage-length=0 -ffunction-sections -c -MMD -MP -MF"Third-party/SEGGER/SEGGER/SEGGER_SYSVIEW.d" -MT"Third-party/SEGGER/SEGGER/SEGGER_SYSVIEW.o" -o "Third-party/SEGGER/SEGGER/SEGGER_SYSVIEW.o" "../Third-party/SEGGER/SEGGER/SEGGER_SYSVIEW.c"
Invoking: MCU GCC Compiler
Invoking: MCU GCC Compiler
Invoking: MCU GCC Compiler
D:\EmbeddedCodes\RTOS_Workspace\STM32_Task_Delete_Updated\Debug
D:\EmbeddedCodes\RTOS_Workspace\STM32_Task_Delete_Updated\Debug
arm-none-eabi-gcc -mcpu=cortex-m4 -mthumb -mfloat-abi=hard -mfpu=fpv4-sp-d16 -DSTM32 -DSTM32F4 -DSTM32F446RETx -DNUCLEO_F446RE -DDEBUG -DSTM32F446xx -DUSE_STDPERIPH_DRIVER -I"D:/EmbeddedCodes/RTOS_Workspace/STM32_Task_Delete_Updated/StdPeriph_Driver/inc" -I"D:/EmbeddedCodes/RTOS_Workspace/STM32_Task_Delete_Updated/Config" -I"D:/EmbeddedCodes/RTOS_Workspace/STM32_Task_Delete_Updated/Third-party/SEGGER/Config" -I"D:/EmbeddedCodes/RTOS_Workspace/STM32_Task_Delete_Updated/Third-party/SEGGER/OS" -I"D:/EmbeddedCodes/RTOS_Workspace/STM32_Task_Delete_Updated/Third-party/SEGGER/SEGGER" -I"D:/EmbeddedCodes/RTOS_Workspace/STM32_Task_Delete_Updated/Third-party/FreeRTOS/org/Source/portable/GCC/ARM_CM4F" -I"D:/EmbeddedCodes/RTOS_Workspace/STM32_Task_Delete_Updated/Third-party/FreeRTOS/org/Source/include" -I"D:/EmbeddedCodes/RTOS_Workspace/STM32_Task_Delete_Updated/inc" -I"D:/EmbeddedCodes/RTOS_Workspace/STM32_Task_Delete_Updated/CMSIS/device" -I"D:/EmbeddedCodes/RTOS_Workspace/STM32_Task_Delete_Updated/CMSIS/core" -O0 -g3 -Wall -fmessage-length=0 -ffunction-sections -c -MMD -MP -MF"Third-party/SEGGER/Config/SEGGER_SYSVIEW_Config_FreeRTOS.d" -MT"Third-party/SEGGER/Config/SEGGER_SYSVIEW_Config_FreeRTOS.o" -o "Third-party/SEGGER/Config/SEGGER_SYSVIEW_Config_FreeRTOS.o" "../Third-party/SEGGER/Config/SEGGER_SYSVIEW_Config_FreeRTOS.c"
arm-none-eabi-gcc -mcpu=cortex-m4 -mthumb -mfloat-abi=hard -mfpu=fpv4-sp-d16 -DSTM32 -DSTM32F4 -DSTM32F446RETx -DNUCLEO_F446RE -DDEBUG -DSTM32F446xx -DUSE_STDPERIPH_DRIVER -I"D:/EmbeddedCodes/RTOS_Workspace/STM32_Task_Delete_Updated/StdPeriph_Driver/inc" -I"D:/EmbeddedCodes/RTOS_Workspace/STM32_Task_Delete_Updated/Config" -I"D:/EmbeddedCodes/RTOS_Workspace/STM32_Task_Delete_Updated/Third-party/SEGGER/Config" -I"D:/EmbeddedCodes/RTOS_Workspace/STM32_Task_Delete_Updated/Third-party/SEGGER/OS" -I"D:/EmbeddedCodes/RTOS_Workspace/STM32_Task_Delete_Updated/Third-party/SEGGER/SEGGER" -I"D:/EmbeddedCodes/RTOS_Workspace/STM32_Task_Delete_Updated/Third-party/FreeRTOS/org/Source/portable/GCC/ARM_CM4F" -I"D:/EmbeddedCodes/RTOS_Workspace/STM32_Task_Delete_Updated/Third-party/FreeRTOS/org/Source/include" -I"D:/EmbeddedCodes/RTOS_Workspace/STM32_Task_Delete_Updated/inc" -I"D:/EmbeddedCodes/RTOS_Workspace/STM32_Task_Delete_Updated/CMSIS/device" -I"D:/EmbeddedCodes/RTOS_Workspace/STM32_Task_Delete_Updated/CMSIS/core" -O0 -g3 -Wall -fmessage-length=0 -ffunction-sections -c -MMD -MP -MF"Third-party/SEGGER/OS/SEGGER_SYSVIEW_FreeRTOS.d" -MT"Third-party/SEGGER/OS/SEGGER_SYSVIEW_FreeRTOS.o" -o "Third-party/SEGGER/OS/SEGGER_SYSVIEW_FreeRTOS.o" "../Third-party/SEGGER/OS/SEGGER_SYSVIEW_FreeRTOS.c"
D:\EmbeddedCodes\RTOS_Workspace\STM32_Task_Delete_Updated\Debug
arm-none-eabi-gcc -mcpu=cortex-m4 -mthumb -mfloat-abi=hard -mfpu=fpv4-sp-d16 -DSTM32 -DSTM32F4 -DSTM32F446RETx -DNUCLEO_F446RE -DDEBUG -DSTM32F446xx -DUSE_STDPERIPH_DRIVER -I"D:/EmbeddedCodes/RTOS_Workspace/STM32_Task_Delete_Updated/StdPeriph_Driver/inc" -I"D:/EmbeddedCodes/RTOS_Workspace/STM32_Task_Delete_Updated/Config" -I"D:/EmbeddedCodes/RTOS_Workspace/STM32_Task_Delete_Updated/Third-party/SEGGER/Config" -I"D:/EmbeddedCodes/RTOS_Workspace/STM32_Task_Delete_Updated/Third-party/SEGGER/OS" -I"D:/EmbeddedCodes/RTOS_Workspace/STM32_Task_Delete_Updated/Third-party/SEGGER/SEGGER" -I"D:/EmbeddedCodes/RTOS_Workspace/STM32_Task_Delete_Updated/Third-party/FreeRTOS/org/Source/portable/GCC/ARM_CM4F" -I"D:/EmbeddedCodes/RTOS_Workspace/STM32_Task_Delete_Updated/Third-party/FreeRTOS/org/Source/include" -I"D:/EmbeddedCodes/RTOS_Workspace/STM32_Task_Delete_Updated/inc" -I"D:/EmbeddedCodes/RTOS_Workspace/STM32_Task_Delete_Updated/CMSIS/device" -I"D:/EmbeddedCodes/RTOS_Workspace/STM32_Task_Delete_Updated/CMSIS/core" -O0 -g3 -Wall -fmessage-length=0 -ffunction-sections -c -MMD -MP -MF"Third-party/FreeRTOS/org/Source/portable/MemMang/heap_4.d" -MT"Third-party/FreeRTOS/org/Source/portable/MemMang/heap_4.o" -o "Third-party/FreeRTOS/org/Source/portable/MemMang/heap_4.o" "../Third-party/FreeRTOS/org/Source/portable/MemMang/heap_4.c"
../src/system_stm32f4xx.c: In function 'SetSysClock':
../src/system_stm32f4xx.c:760:5: warning: this 'while' clause does not guard... [-Wmisleading-indentation]
     while ((RCC->CFGR & (uint32_t)RCC_CFGR_SWS ) != RCC_CFGR_SWS_PLL);
     ^~~~~
../src/system_stm32f4xx.c:761:5: note: ...this statement, but the latter is misleadingly indented as if it were guarded by the 'while'
     {
     ^
Finished building: ../src/syscalls.c
 
Finished building: ../Third-party/SEGGER/Config/SEGGER_SYSVIEW_Config_FreeRTOS.c
Building file: ../Third-party/FreeRTOS/org/Source/portable/GCC/ARM_CM4F/port.c
 
Invoking: MCU GCC Compiler
Finished building: ../Third-party/SEGGER/SEGGER/SEGGER_RTT.c
Building file: ../Third-party/FreeRTOS/org/Source/croutine.c
Finished building: ../Third-party/SEGGER/OS/SEGGER_SYSVIEW_FreeRTOS.c
D:\EmbeddedCodes\RTOS_Workspace\STM32_Task_Delete_Updated\Debug
 
Invoking: MCU GCC Compiler
arm-none-eabi-gcc -mcpu=cortex-m4 -mthumb -mfloat-abi=hard -mfpu=fpv4-sp-d16 -DSTM32 -DSTM32F4 -DSTM32F446RETx -DNUCLEO_F446RE -DDEBUG -DSTM32F446xx -DUSE_STDPERIPH_DRIVER -I"D:/EmbeddedCodes/RTOS_Workspace/STM32_Task_Delete_Updated/StdPeriph_Driver/inc" -I"D:/EmbeddedCodes/RTOS_Workspace/STM32_Task_Delete_Updated/Config" -I"D:/EmbeddedCodes/RTOS_Workspace/STM32_Task_Delete_Updated/Third-party/SEGGER/Config" -I"D:/EmbeddedCodes/RTOS_Workspace/STM32_Task_Delete_Updated/Third-party/SEGGER/OS" -I"D:/EmbeddedCodes/RTOS_Workspace/STM32_Task_Delete_Updated/Third-party/SEGGER/SEGGER" -I"D:/EmbeddedCodes/RTOS_Workspace/STM32_Task_Delete_Updated/Third-party/FreeRTOS/org/Source/portable/GCC/ARM_CM4F" -I"D:/EmbeddedCodes/RTOS_Workspace/STM32_Task_Delete_Updated/Third-party/FreeRTOS/org/Source/include" -I"D:/EmbeddedCodes/RTOS_Workspace/STM32_Task_Delete_Updated/inc" -I"D:/EmbeddedCodes/RTOS_Workspace/STM32_Task_Delete_Updated/CMSIS/device" -I"D:/EmbeddedCodes/RTOS_Workspace/STM32_Task_Delete_Updated/CMSIS/core" -O0 -g3 -Wall -fmessage-length=0 -ffunction-sections -c -MMD -MP -MF"Third-party/FreeRTOS/org/Source/portable/GCC/ARM_CM4F/port.d" -MT"Third-party/FreeRTOS/org/Source/portable/GCC/ARM_CM4F/port.o" -o "Third-party/FreeRTOS/org/Source/portable/GCC/ARM_CM4F/port.o" "../Third-party/FreeRTOS/org/Source/portable/GCC/ARM_CM4F/port.c"
Finished building: ../src/system_stm32f4xx.c
 
D:\EmbeddedCodes\RTOS_Workspace\STM32_Task_Delete_Updated\Debug
Building file: ../Third-party/FreeRTOS/org/Source/event_groups.c
 
arm-none-eabi-gcc -mcpu=cortex-m4 -mthumb -mfloat-abi=hard -mfpu=fpv4-sp-d16 -DSTM32 -DSTM32F4 -DSTM32F446RETx -DNUCLEO_F446RE -DDEBUG -DSTM32F446xx -DUSE_STDPERIPH_DRIVER -I"D:/EmbeddedCodes/RTOS_Workspace/STM32_Task_Delete_Updated/StdPeriph_Driver/inc" -I"D:/EmbeddedCodes/RTOS_Workspace/STM32_Task_Delete_Updated/Config" -I"D:/EmbeddedCodes/RTOS_Workspace/STM32_Task_Delete_Updated/Third-party/SEGGER/Config" -I"D:/EmbeddedCodes/RTOS_Workspace/STM32_Task_Delete_Updated/Third-party/SEGGER/OS" -I"D:/EmbeddedCodes/RTOS_Workspace/STM32_Task_Delete_Updated/Third-party/SEGGER/SEGGER" -I"D:/EmbeddedCodes/RTOS_Workspace/STM32_Task_Delete_Updated/Third-party/FreeRTOS/org/Source/portable/GCC/ARM_CM4F" -I"D:/EmbeddedCodes/RTOS_Workspace/STM32_Task_Delete_Updated/Third-party/FreeRTOS/org/Source/include" -I"D:/EmbeddedCodes/RTOS_Workspace/STM32_Task_Delete_Updated/inc" -I"D:/EmbeddedCodes/RTOS_Workspace/STM32_Task_Delete_Updated/CMSIS/device" -I"D:/EmbeddedCodes/RTOS_Workspace/STM32_Task_Delete_Updated/CMSIS/core" -O0 -g3 -Wall -fmessage-length=0 -ffunction-sections -c -MMD -MP -MF"Third-party/FreeRTOS/org/Source/croutine.d" -MT"Third-party/FreeRTOS/org/Source/croutine.o" -o "Third-party/FreeRTOS/org/Source/croutine.o" "../Third-party/FreeRTOS/org/Source/croutine.c"
Building file: ../Third-party/FreeRTOS/org/Source/list.c
Finished building: ../Third-party/FreeRTOS/org/Source/portable/MemMang/heap_4.c
Invoking: MCU GCC Compiler
Building file: ../Third-party/FreeRTOS/org/Source/queue.c
Finished building: ../src/main.c
Invoking: MCU GCC Compiler
D:\EmbeddedCodes\RTOS_Workspace\STM32_Task_Delete_Updated\Debug
 
arm-none-eabi-gcc -mcpu=cortex-m4 -mthumb -mfloat-abi=hard -mfpu=fpv4-sp-d16 -DSTM32 -DSTM32F4 -DSTM32F446RETx -DNUCLEO_F446RE -DDEBUG -DSTM32F446xx -DUSE_STDPERIPH_DRIVER -I"D:/EmbeddedCodes/RTOS_Workspace/STM32_Task_Delete_Updated/StdPeriph_Driver/inc" -I"D:/EmbeddedCodes/RTOS_Workspace/STM32_Task_Delete_Updated/Config" -I"D:/EmbeddedCodes/RTOS_Workspace/STM32_Task_Delete_Updated/Third-party/SEGGER/Config" -I"D:/EmbeddedCodes/RTOS_Workspace/STM32_Task_Delete_Updated/Third-party/SEGGER/OS" -I"D:/EmbeddedCodes/RTOS_Workspace/STM32_Task_Delete_Updated/Third-party/SEGGER/SEGGER" -I"D:/EmbeddedCodes/RTOS_Workspace/STM32_Task_Delete_Updated/Third-party/FreeRTOS/org/Source/portable/GCC/ARM_CM4F" -I"D:/EmbeddedCodes/RTOS_Workspace/STM32_Task_Delete_Updated/Third-party/FreeRTOS/org/Source/include" -I"D:/EmbeddedCodes/RTOS_Workspace/STM32_Task_Delete_Updated/inc" -I"D:/EmbeddedCodes/RTOS_Workspace/STM32_Task_Delete_Updated/CMSIS/device" -I"D:/EmbeddedCodes/RTOS_Workspace/STM32_Task_Delete_Updated/CMSIS/core" -O0 -g3 -Wall -fmessage-length=0 -ffunction-sections -c -MMD -MP -MF"Third-party/FreeRTOS/org/Source/event_groups.d" -MT"Third-party/FreeRTOS/org/Source/event_groups.o" -o "Third-party/FreeRTOS/org/Source/event_groups.o" "../Third-party/FreeRTOS/org/Source/event_groups.c"
Invoking: MCU GCC Compiler
D:\EmbeddedCodes\RTOS_Workspace\STM32_Task_Delete_Updated\Debug
 
Building file: ../Third-party/FreeRTOS/org/Source/stream_buffer.c
arm-none-eabi-gcc -mcpu=cortex-m4 -mthumb -mfloat-abi=hard -mfpu=fpv4-sp-d16 -DSTM32 -DSTM32F4 -DSTM32F446RETx -DNUCLEO_F446RE -DDEBUG -DSTM32F446xx -DUSE_STDPERIPH_DRIVER -I"D:/EmbeddedCodes/RTOS_Workspace/STM32_Task_Delete_Updated/StdPeriph_Driver/inc" -I"D:/EmbeddedCodes/RTOS_Workspace/STM32_Task_Delete_Updated/Config" -I"D:/EmbeddedCodes/RTOS_Workspace/STM32_Task_Delete_Updated/Third-party/SEGGER/Config" -I"D:/EmbeddedCodes/RTOS_Workspace/STM32_Task_Delete_Updated/Third-party/SEGGER/OS" -I"D:/EmbeddedCodes/RTOS_Workspace/STM32_Task_Delete_Updated/Third-party/SEGGER/SEGGER" -I"D:/EmbeddedCodes/RTOS_Workspace/STM32_Task_Delete_Updated/Third-party/FreeRTOS/org/Source/portable/GCC/ARM_CM4F" -I"D:/EmbeddedCodes/RTOS_Workspace/STM32_Task_Delete_Updated/Third-party/FreeRTOS/org/Source/include" -I"D:/EmbeddedCodes/RTOS_Workspace/STM32_Task_Delete_Updated/inc" -I"D:/EmbeddedCodes/RTOS_Workspace/STM32_Task_Delete_Updated/CMSIS/device" -I"D:/EmbeddedCodes/RTOS_Workspace/STM32_Task_Delete_Updated/CMSIS/core" -O0 -g3 -Wall -fmessage-length=0 -ffunction-sections -c -MMD -MP -MF"Third-party/FreeRTOS/org/Source/list.d" -MT"Third-party/FreeRTOS/org/Source/list.o" -o "Third-party/FreeRTOS/org/Source/list.o" "../Third-party/FreeRTOS/org/Source/list.c"
D:\EmbeddedCodes\RTOS_Workspace\STM32_Task_Delete_Updated\Debug
Invoking: MCU GCC Compiler
Building file: ../Third-party/FreeRTOS/org/Source/tasks.c
arm-none-eabi-gcc -mcpu=cortex-m4 -mthumb -mfloat-abi=hard -mfpu=fpv4-sp-d16 -DSTM32 -DSTM32F4 -DSTM32F446RETx -DNUCLEO_F446RE -DDEBUG -DSTM32F446xx -DUSE_STDPERIPH_DRIVER -I"D:/EmbeddedCodes/RTOS_Workspace/STM32_Task_Delete_Updated/StdPeriph_Driver/inc" -I"D:/EmbeddedCodes/RTOS_Workspace/STM32_Task_Delete_Updated/Config" -I"D:/EmbeddedCodes/RTOS_Workspace/STM32_Task_Delete_Updated/Third-party/SEGGER/Config" -I"D:/EmbeddedCodes/RTOS_Workspace/STM32_Task_Delete_Updated/Third-party/SEGGER/OS" -I"D:/EmbeddedCodes/RTOS_Workspace/STM32_Task_Delete_Updated/Third-party/SEGGER/SEGGER" -I"D:/EmbeddedCodes/RTOS_Workspace/STM32_Task_Delete_Updated/Third-party/FreeRTOS/org/Source/portable/GCC/ARM_CM4F" -I"D:/EmbeddedCodes/RTOS_Workspace/STM32_Task_Delete_Updated/Third-party/FreeRTOS/org/Source/include" -I"D:/EmbeddedCodes/RTOS_Workspace/STM32_Task_Delete_Updated/inc" -I"D:/EmbeddedCodes/RTOS_Workspace/STM32_Task_Delete_Updated/CMSIS/device" -I"D:/EmbeddedCodes/RTOS_Workspace/STM32_Task_Delete_Updated/CMSIS/core" -O0 -g3 -Wall -fmessage-length=0 -ffunction-sections -c -MMD -MP -MF"Third-party/FreeRTOS/org/Source/queue.d" -MT"Third-party/FreeRTOS/org/Source/queue.o" -o "Third-party/FreeRTOS/org/Source/queue.o" "../Third-party/FreeRTOS/org/Source/queue.c"
D:\EmbeddedCodes\RTOS_Workspace\STM32_Task_Delete_Updated\Debug
Invoking: MCU GCC Compiler
arm-none-eabi-gcc -mcpu=cortex-m4 -mthumb -mfloat-abi=hard -mfpu=fpv4-sp-d16 -DSTM32 -DSTM32F4 -DSTM32F446RETx -DNUCLEO_F446RE -DDEBUG -DSTM32F446xx -DUSE_STDPERIPH_DRIVER -I"D:/EmbeddedCodes/RTOS_Workspace/STM32_Task_Delete_Updated/StdPeriph_Driver/inc" -I"D:/EmbeddedCodes/RTOS_Workspace/STM32_Task_Delete_Updated/Config" -I"D:/EmbeddedCodes/RTOS_Workspace/STM32_Task_Delete_Updated/Third-party/SEGGER/Config" -I"D:/EmbeddedCodes/RTOS_Workspace/STM32_Task_Delete_Updated/Third-party/SEGGER/OS" -I"D:/EmbeddedCodes/RTOS_Workspace/STM32_Task_Delete_Updated/Third-party/SEGGER/SEGGER" -I"D:/EmbeddedCodes/RTOS_Workspace/STM32_Task_Delete_Updated/Third-party/FreeRTOS/org/Source/portable/GCC/ARM_CM4F" -I"D:/EmbeddedCodes/RTOS_Workspace/STM32_Task_Delete_Updated/Third-party/FreeRTOS/org/Source/include" -I"D:/EmbeddedCodes/RTOS_Workspace/STM32_Task_Delete_Updated/inc" -I"D:/EmbeddedCodes/RTOS_Workspace/STM32_Task_Delete_Updated/CMSIS/device" -I"D:/EmbeddedCodes/RTOS_Workspace/STM32_Task_Delete_Updated/CMSIS/core" -O0 -g3 -Wall -fmessage-length=0 -ffunction-sections -c -MMD -MP -MF"Third-party/FreeRTOS/org/Source/stream_buffer.d" -MT"Third-party/FreeRTOS/org/Source/stream_buffer.o" -o "Third-party/FreeRTOS/org/Source/stream_buffer.o" "../Third-party/FreeRTOS/org/Source/stream_buffer.c"
Finished building: ../Third-party/SEGGER/SEGGER/SEGGER_SYSVIEW.c
D:\EmbeddedCodes\RTOS_Workspace\STM32_Task_Delete_Updated\Debug
arm-none-eabi-gcc -mcpu=cortex-m4 -mthumb -mfloat-abi=hard -mfpu=fpv4-sp-d16 -DSTM32 -DSTM32F4 -DSTM32F446RETx -DNUCLEO_F446RE -DDEBUG -DSTM32F446xx -DUSE_STDPERIPH_DRIVER -I"D:/EmbeddedCodes/RTOS_Workspace/STM32_Task_Delete_Updated/StdPeriph_Driver/inc" -I"D:/EmbeddedCodes/RTOS_Workspace/STM32_Task_Delete_Updated/Config" -I"D:/EmbeddedCodes/RTOS_Workspace/STM32_Task_Delete_Updated/Third-party/SEGGER/Config" -I"D:/EmbeddedCodes/RTOS_Workspace/STM32_Task_Delete_Updated/Third-party/SEGGER/OS" -I"D:/EmbeddedCodes/RTOS_Workspace/STM32_Task_Delete_Updated/Third-party/SEGGER/SEGGER" -I"D:/EmbeddedCodes/RTOS_Workspace/STM32_Task_Delete_Updated/Third-party/FreeRTOS/org/Source/portable/GCC/ARM_CM4F" -I"D:/EmbeddedCodes/RTOS_Workspace/STM32_Task_Delete_Updated/Third-party/FreeRTOS/org/Source/include" -I"D:/EmbeddedCodes/RTOS_Workspace/STM32_Task_Delete_Updated/inc" -I"D:/EmbeddedCodes/RTOS_Workspace/STM32_Task_Delete_Updated/CMSIS/device" -I"D:/EmbeddedCodes/RTOS_Workspace/STM32_Task_Delete_Updated/CMSIS/core" -O0 -g3 -Wall -fmessage-length=0 -ffunction-sections -c -MMD -MP -MF"Third-party/FreeRTOS/org/Source/tasks.d" -MT"Third-party/FreeRTOS/org/Source/tasks.o" -o "Third-party/FreeRTOS/org/Source/tasks.o" "../Third-party/FreeRTOS/org/Source/tasks.c"
 
Building file: ../Third-party/FreeRTOS/org/Source/timers.c
Finished building: ../Third-party/FreeRTOS/org/Source/portable/GCC/ARM_CM4F/port.c
Finished building: ../Third-party/FreeRTOS/org/Source/croutine.c
Invoking: MCU GCC Compiler
 
 
Building file: ../StdPeriph_Driver/src/misc.c
D:\EmbeddedCodes\RTOS_Workspace\STM32_Task_Delete_Updated\Debug
Building file: ../StdPeriph_Driver/src/stm32f4xx_adc.c
arm-none-eabi-gcc -mcpu=cortex-m4 -mthumb -mfloat-abi=hard -mfpu=fpv4-sp-d16 -DSTM32 -DSTM32F4 -DSTM32F446RETx -DNUCLEO_F446RE -DDEBUG -DSTM32F446xx -DUSE_STDPERIPH_DRIVER -I"D:/EmbeddedCodes/RTOS_Workspace/STM32_Task_Delete_Updated/StdPeriph_Driver/inc" -I"D:/EmbeddedCodes/RTOS_Workspace/STM32_Task_Delete_Updated/Config" -I"D:/EmbeddedCodes/RTOS_Workspace/STM32_Task_Delete_Updated/Third-party/SEGGER/Config" -I"D:/EmbeddedCodes/RTOS_Workspace/STM32_Task_Delete_Updated/Third-party/SEGGER/OS" -I"D:/EmbeddedCodes/RTOS_Workspace/STM32_Task_Delete_Updated/Third-party/SEGGER/SEGGER" -I"D:/EmbeddedCodes/RTOS_Workspace/STM32_Task_Delete_Updated/Third-party/FreeRTOS/org/Source/portable/GCC/ARM_CM4F" -I"D:/EmbeddedCodes/RTOS_Workspace/STM32_Task_Delete_Updated/Third-party/FreeRTOS/org/Source/include" -I"D:/EmbeddedCodes/RTOS_Workspace/STM32_Task_Delete_Updated/inc" -I"D:/EmbeddedCodes/RTOS_Workspace/STM32_Task_Delete_Updated/CMSIS/device" -I"D:/EmbeddedCodes/RTOS_Workspace/STM32_Task_Delete_Updated/CMSIS/core" -O0 -g3 -Wall -fmessage-length=0 -ffunction-sections -c -MMD -MP -MF"Third-party/FreeRTOS/org/Source/timers.d" -MT"Third-party/FreeRTOS/org/Source/timers.o" -o "Third-party/FreeRTOS/org/Source/timers.o" "../Third-party/FreeRTOS/org/Source/timers.c"
Invoking: MCU GCC Compiler
D:\EmbeddedCodes\RTOS_Workspace\STM32_Task_Delete_Updated\Debug
Invoking: MCU GCC Compiler
arm-none-eabi-gcc -mcpu=cortex-m4 -mthumb -mfloat-abi=hard -mfpu=fpv4-sp-d16 -DSTM32 -DSTM32F4 -DSTM32F446RETx -DNUCLEO_F446RE -DDEBUG -DSTM32F446xx -DUSE_STDPERIPH_DRIVER -I"D:/EmbeddedCodes/RTOS_Workspace/STM32_Task_Delete_Updated/StdPeriph_Driver/inc" -I"D:/EmbeddedCodes/RTOS_Workspace/STM32_Task_Delete_Updated/Config" -I"D:/EmbeddedCodes/RTOS_Workspace/STM32_Task_Delete_Updated/Third-party/SEGGER/Config" -I"D:/EmbeddedCodes/RTOS_Workspace/STM32_Task_Delete_Updated/Third-party/SEGGER/OS" -I"D:/EmbeddedCodes/RTOS_Workspace/STM32_Task_Delete_Updated/Third-party/SEGGER/SEGGER" -I"D:/EmbeddedCodes/RTOS_Workspace/STM32_Task_Delete_Updated/Third-party/FreeRTOS/org/Source/portable/GCC/ARM_CM4F" -I"D:/EmbeddedCodes/RTOS_Workspace/STM32_Task_Delete_Updated/Third-party/FreeRTOS/org/Source/include" -I"D:/EmbeddedCodes/RTOS_Workspace/STM32_Task_Delete_Updated/inc" -I"D:/EmbeddedCodes/RTOS_Workspace/STM32_Task_Delete_Updated/CMSIS/device" -I"D:/EmbeddedCodes/RTOS_Workspace/STM32_Task_Delete_Updated/CMSIS/core" -O0 -g3 -Wall -fmessage-length=0 -ffunction-sections -c -MMD -MP -MF"StdPeriph_Driver/src/misc.d" -MT"StdPeriph_Driver/src/misc.o" -o "StdPeriph_Driver/src/misc.o" "../StdPeriph_Driver/src/misc.c"
D:\EmbeddedCodes\RTOS_Workspace\STM32_Task_Delete_Updated\Debug
Finished building: ../Third-party/FreeRTOS/org/Source/list.c
arm-none-eabi-gcc -mcpu=cortex-m4 -mthumb -mfloat-abi=hard -mfpu=fpv4-sp-d16 -DSTM32 -DSTM32F4 -DSTM32F446RETx -DNUCLEO_F446RE -DDEBUG -DSTM32F446xx -DUSE_STDPERIPH_DRIVER -I"D:/EmbeddedCodes/RTOS_Workspace/STM32_Task_Delete_Updated/StdPeriph_Driver/inc" -I"D:/EmbeddedCodes/RTOS_Workspace/STM32_Task_Delete_Updated/Config" -I"D:/EmbeddedCodes/RTOS_Workspace/STM32_Task_Delete_Updated/Third-party/SEGGER/Config" -I"D:/EmbeddedCodes/RTOS_Workspace/STM32_Task_Delete_Updated/Third-party/SEGGER/OS" -I"D:/EmbeddedCodes/RTOS_Workspace/STM32_Task_Delete_Updated/Third-party/SEGGER/SEGGER" -I"D:/EmbeddedCodes/RTOS_Workspace/STM32_Task_Delete_Updated/Third-party/FreeRTOS/org/Source/portable/GCC/ARM_CM4F" -I"D:/EmbeddedCodes/RTOS_Workspace/STM32_Task_Delete_Updated/Third-party/FreeRTOS/org/Source/include" -I"D:/EmbeddedCodes/RTOS_Workspace/STM32_Task_Delete_Updated/inc" -I"D:/EmbeddedCodes/RTOS_Workspace/STM32_Task_Delete_Updated/CMSIS/device" -I"D:/EmbeddedCodes/RTOS_Workspace/STM32_Task_Delete_Updated/CMSIS/core" -O0 -g3 -Wall -fmessage-length=0 -ffunction-sections -c -MMD -MP -MF"StdPeriph_Driver/src/stm32f4xx_adc.d" -MT"StdPeriph_Driver/src/stm32f4xx_adc.o" -o "StdPeriph_Driver/src/stm32f4xx_adc.o" "../StdPeriph_Driver/src/stm32f4xx_adc.c"
Finished building: ../Third-party/FreeRTOS/org/Source/event_groups.c
 
 
Building file: ../StdPeriph_Driver/src/stm32f4xx_can.c
Building file: ../StdPeriph_Driver/src/stm32f4xx_cec.c
Invoking: MCU GCC Compiler
Invoking: MCU GCC Compiler
D:\EmbeddedCodes\RTOS_Workspace\STM32_Task_Delete_Updated\Debug
arm-none-eabi-gcc -mcpu=cortex-m4 -mthumb -mfloat-abi=hard -mfpu=fpv4-sp-d16 -DSTM32 -DSTM32F4 -DSTM32F446RETx -DNUCLEO_F446RE -DDEBUG -DSTM32F446xx -DUSE_STDPERIPH_DRIVER -I"D:/EmbeddedCodes/RTOS_Workspace/STM32_Task_Delete_Updated/StdPeriph_Driver/inc" -I"D:/EmbeddedCodes/RTOS_Workspace/STM32_Task_Delete_Updated/Config" -I"D:/EmbeddedCodes/RTOS_Workspace/STM32_Task_Delete_Updated/Third-party/SEGGER/Config" -I"D:/EmbeddedCodes/RTOS_Workspace/STM32_Task_Delete_Updated/Third-party/SEGGER/OS" -I"D:/EmbeddedCodes/RTOS_Workspace/STM32_Task_Delete_Updated/Third-party/SEGGER/SEGGER" -I"D:/EmbeddedCodes/RTOS_Workspace/STM32_Task_Delete_Updated/Third-party/FreeRTOS/org/Source/portable/GCC/ARM_CM4F" -I"D:/EmbeddedCodes/RTOS_Workspace/STM32_Task_Delete_Updated/Third-party/FreeRTOS/org/Source/include" -I"D:/EmbeddedCodes/RTOS_Workspace/STM32_Task_Delete_Updated/inc" -I"D:/EmbeddedCodes/RTOS_Workspace/STM32_Task_Delete_Updated/CMSIS/device" -I"D:/EmbeddedCodes/RTOS_Workspace/STM32_Task_Delete_Updated/CMSIS/core" -O0 -g3 -Wall -fmessage-length=0 -ffunction-sections -c -MMD -MP -MF"StdPeriph_Driver/src/stm32f4xx_can.d" -MT"StdPeriph_Driver/src/stm32f4xx_can.o" -o "StdPeriph_Driver/src/stm32f4xx_can.o" "../StdPeriph_Driver/src/stm32f4xx_can.c"
D:\EmbeddedCodes\RTOS_Workspace\STM32_Task_Delete_Updated\Debug
arm-none-eabi-gcc -mcpu=cortex-m4 -mthumb -mfloat-abi=hard -mfpu=fpv4-sp-d16 -DSTM32 -DSTM32F4 -DSTM32F446RETx -DNUCLEO_F446RE -DDEBUG -DSTM32F446xx -DUSE_STDPERIPH_DRIVER -I"D:/EmbeddedCodes/RTOS_Workspace/STM32_Task_Delete_Updated/StdPeriph_Driver/inc" -I"D:/EmbeddedCodes/RTOS_Workspace/STM32_Task_Delete_Updated/Config" -I"D:/EmbeddedCodes/RTOS_Workspace/STM32_Task_Delete_Updated/Third-party/SEGGER/Config" -I"D:/EmbeddedCodes/RTOS_Workspace/STM32_Task_Delete_Updated/Third-party/SEGGER/OS" -I"D:/EmbeddedCodes/RTOS_Workspace/STM32_Task_Delete_Updated/Third-party/SEGGER/SEGGER" -I"D:/EmbeddedCodes/RTOS_Workspace/STM32_Task_Delete_Updated/Third-party/FreeRTOS/org/Source/portable/GCC/ARM_CM4F" -I"D:/EmbeddedCodes/RTOS_Workspace/STM32_Task_Delete_Updated/Third-party/FreeRTOS/org/Source/include" -I"D:/EmbeddedCodes/RTOS_Workspace/STM32_Task_Delete_Updated/inc" -I"D:/EmbeddedCodes/RTOS_Workspace/STM32_Task_Delete_Updated/CMSIS/device" -I"D:/EmbeddedCodes/RTOS_Workspace/STM32_Task_Delete_Updated/CMSIS/core" -O0 -g3 -Wall -fmessage-length=0 -ffunction-sections -c -MMD -MP -MF"StdPeriph_Driver/src/stm32f4xx_cec.d" -MT"StdPeriph_Driver/src/stm32f4xx_cec.o" -o "StdPeriph_Driver/src/stm32f4xx_cec.o" "../StdPeriph_Driver/src/stm32f4xx_cec.c"
Finished building: ../Third-party/FreeRTOS/org/Source/stream_buffer.c
 
Finished building: ../Third-party/FreeRTOS/org/Source/queue.c
Building file: ../StdPeriph_Driver/src/stm32f4xx_crc.c
 
Building file: ../StdPeriph_Driver/src/stm32f4xx_cryp.c
Invoking: MCU GCC Compiler
Invoking: MCU GCC Compiler
D:\EmbeddedCodes\RTOS_Workspace\STM32_Task_Delete_Updated\Debug
Finished building: ../Third-party/FreeRTOS/org/Source/timers.c
arm-none-eabi-gcc -mcpu=cortex-m4 -mthumb -mfloat-abi=hard -mfpu=fpv4-sp-d16 -DSTM32 -DSTM32F4 -DSTM32F446RETx -DNUCLEO_F446RE -DDEBUG -DSTM32F446xx -DUSE_STDPERIPH_DRIVER -I"D:/EmbeddedCodes/RTOS_Workspace/STM32_Task_Delete_Updated/StdPeriph_Driver/inc" -I"D:/EmbeddedCodes/RTOS_Workspace/STM32_Task_Delete_Updated/Config" -I"D:/EmbeddedCodes/RTOS_Workspace/STM32_Task_Delete_Updated/Third-party/SEGGER/Config" -I"D:/EmbeddedCodes/RTOS_Workspace/STM32_Task_Delete_Updated/Third-party/SEGGER/OS" -I"D:/EmbeddedCodes/RTOS_Workspace/STM32_Task_Delete_Updated/Third-party/SEGGER/SEGGER" -I"D:/EmbeddedCodes/RTOS_Workspace/STM32_Task_Delete_Updated/Third-party/FreeRTOS/org/Source/portable/GCC/ARM_CM4F" -I"D:/EmbeddedCodes/RTOS_Workspace/STM32_Task_Delete_Updated/Third-party/FreeRTOS/org/Source/include" -I"D:/EmbeddedCodes/RTOS_Workspace/STM32_Task_Delete_Updated/inc" -I"D:/EmbeddedCodes/RTOS_Workspace/STM32_Task_Delete_Updated/CMSIS/device" -I"D:/EmbeddedCodes/RTOS_Workspace/STM32_Task_Delete_Updated/CMSIS/core" -O0 -g3 -Wall -fmessage-length=0 -ffunction-sections -c -MMD -MP -MF"StdPeriph_Driver/src/stm32f4xx_crc.d" -MT"StdPeriph_Driver/src/stm32f4xx_crc.o" -o "StdPeriph_Driver/src/stm32f4xx_crc.o" "../StdPeriph_Driver/src/stm32f4xx_crc.c"
D:\EmbeddedCodes\RTOS_Workspace\STM32_Task_Delete_Updated\Debug
Finished building: ../Third-party/FreeRTOS/org/Source/tasks.c
arm-none-eabi-gcc -mcpu=cortex-m4 -mthumb -mfloat-abi=hard -mfpu=fpv4-sp-d16 -DSTM32 -DSTM32F4 -DSTM32F446RETx -DNUCLEO_F446RE -DDEBUG -DSTM32F446xx -DUSE_STDPERIPH_DRIVER -I"D:/EmbeddedCodes/RTOS_Workspace/STM32_Task_Delete_Updated/StdPeriph_Driver/inc" -I"D:/EmbeddedCodes/RTOS_Workspace/STM32_Task_Delete_Updated/Config" -I"D:/EmbeddedCodes/RTOS_Workspace/STM32_Task_Delete_Updated/Third-party/SEGGER/Config" -I"D:/EmbeddedCodes/RTOS_Workspace/STM32_Task_Delete_Updated/Third-party/SEGGER/OS" -I"D:/EmbeddedCodes/RTOS_Workspace/STM32_Task_Delete_Updated/Third-party/SEGGER/SEGGER" -I"D:/EmbeddedCodes/RTOS_Workspace/STM32_Task_Delete_Updated/Third-party/FreeRTOS/org/Source/portable/GCC/ARM_CM4F" -I"D:/EmbeddedCodes/RTOS_Workspace/STM32_Task_Delete_Updated/Third-party/FreeRTOS/org/Source/include" -I"D:/EmbeddedCodes/RTOS_Workspace/STM32_Task_Delete_Updated/inc" -I"D:/EmbeddedCodes/RTOS_Workspace/STM32_Task_Delete_Updated/CMSIS/device" -I"D:/EmbeddedCodes/RTOS_Workspace/STM32_Task_Delete_Updated/CMSIS/core" -O0 -g3 -Wall -fmessage-length=0 -ffunction-sections -c -MMD -MP -MF"StdPeriph_Driver/src/stm32f4xx_cryp.d" -MT"StdPeriph_Driver/src/stm32f4xx_cryp.o" -o "StdPeriph_Driver/src/stm32f4xx_cryp.o" "../StdPeriph_Driver/src/stm32f4xx_cryp.c"
 
 
Building file: ../StdPeriph_Driver/src/stm32f4xx_cryp_aes.c
Invoking: MCU GCC Compiler
Building file: ../StdPeriph_Driver/src/stm32f4xx_cryp_des.c
D:\EmbeddedCodes\RTOS_Workspace\STM32_Task_Delete_Updated\Debug
Invoking: MCU GCC Compiler
arm-none-eabi-gcc -mcpu=cortex-m4 -mthumb -mfloat-abi=hard -mfpu=fpv4-sp-d16 -DSTM32 -DSTM32F4 -DSTM32F446RETx -DNUCLEO_F446RE -DDEBUG -DSTM32F446xx -DUSE_STDPERIPH_DRIVER -I"D:/EmbeddedCodes/RTOS_Workspace/STM32_Task_Delete_Updated/StdPeriph_Driver/inc" -I"D:/EmbeddedCodes/RTOS_Workspace/STM32_Task_Delete_Updated/Config" -I"D:/EmbeddedCodes/RTOS_Workspace/STM32_Task_Delete_Updated/Third-party/SEGGER/Config" -I"D:/EmbeddedCodes/RTOS_Workspace/STM32_Task_Delete_Updated/Third-party/SEGGER/OS" -I"D:/EmbeddedCodes/RTOS_Workspace/STM32_Task_Delete_Updated/Third-party/SEGGER/SEGGER" -I"D:/EmbeddedCodes/RTOS_Workspace/STM32_Task_Delete_Updated/Third-party/FreeRTOS/org/Source/portable/GCC/ARM_CM4F" -I"D:/EmbeddedCodes/RTOS_Workspace/STM32_Task_Delete_Updated/Third-party/FreeRTOS/org/Source/include" -I"D:/EmbeddedCodes/RTOS_Workspace/STM32_Task_Delete_Updated/inc" -I"D:/EmbeddedCodes/RTOS_Workspace/STM32_Task_Delete_Updated/CMSIS/device" -I"D:/EmbeddedCodes/RTOS_Workspace/STM32_Task_Delete_Updated/CMSIS/core" -O0 -g3 -Wall -fmessage-length=0 -ffunction-sections -c -MMD -MP -MF"StdPeriph_Driver/src/stm32f4xx_cryp_aes.d" -MT"StdPeriph_Driver/src/stm32f4xx_cryp_aes.o" -o "StdPeriph_Driver/src/stm32f4xx_cryp_aes.o" "../StdPeriph_Driver/src/stm32f4xx_cryp_aes.c"
D:\EmbeddedCodes\RTOS_Workspace\STM32_Task_Delete_Updated\Debug
arm-none-eabi-gcc -mcpu=cortex-m4 -mthumb -mfloat-abi=hard -mfpu=fpv4-sp-d16 -DSTM32 -DSTM32F4 -DSTM32F446RETx -DNUCLEO_F446RE -DDEBUG -DSTM32F446xx -DUSE_STDPERIPH_DRIVER -I"D:/EmbeddedCodes/RTOS_Workspace/STM32_Task_Delete_Updated/StdPeriph_Driver/inc" -I"D:/EmbeddedCodes/RTOS_Workspace/STM32_Task_Delete_Updated/Config" -I"D:/EmbeddedCodes/RTOS_Workspace/STM32_Task_Delete_Updated/Third-party/SEGGER/Config" -I"D:/EmbeddedCodes/RTOS_Workspace/STM32_Task_Delete_Updated/Third-party/SEGGER/OS" -I"D:/EmbeddedCodes/RTOS_Workspace/STM32_Task_Delete_Updated/Third-party/SEGGER/SEGGER" -I"D:/EmbeddedCodes/RTOS_Workspace/STM32_Task_Delete_Updated/Third-party/FreeRTOS/org/Source/portable/GCC/ARM_CM4F" -I"D:/EmbeddedCodes/RTOS_Workspace/STM32_Task_Delete_Updated/Third-party/FreeRTOS/org/Source/include" -I"D:/EmbeddedCodes/RTOS_Workspace/STM32_Task_Delete_Updated/inc" -I"D:/EmbeddedCodes/RTOS_Workspace/STM32_Task_Delete_Updated/CMSIS/device" -I"D:/EmbeddedCodes/RTOS_Workspace/STM32_Task_Delete_Updated/CMSIS/core" -O0 -g3 -Wall -fmessage-length=0 -ffunction-sections -c -MMD -MP -MF"StdPeriph_Driver/src/stm32f4xx_cryp_des.d" -MT"StdPeriph_Driver/src/stm32f4xx_cryp_des.o" -o "StdPeriph_Driver/src/stm32f4xx_cryp_des.o" "../StdPeriph_Driver/src/stm32f4xx_cryp_des.c"
Finished building: ../StdPeriph_Driver/src/misc.c
Finished building: ../StdPeriph_Driver/src/stm32f4xx_adc.c
 
 
Building file: ../StdPeriph_Driver/src/stm32f4xx_cryp_tdes.c
Building file: ../StdPeriph_Driver/src/stm32f4xx_dac.c
Invoking: MCU GCC Compiler
Invoking: MCU GCC Compiler
Finished building: ../StdPeriph_Driver/src/stm32f4xx_cec.c
D:\EmbeddedCodes\RTOS_Workspace\STM32_Task_Delete_Updated\Debug
arm-none-eabi-gcc -mcpu=cortex-m4 -mthumb -mfloat-abi=hard -mfpu=fpv4-sp-d16 -DSTM32 -DSTM32F4 -DSTM32F446RETx -DNUCLEO_F446RE -DDEBUG -DSTM32F446xx -DUSE_STDPERIPH_DRIVER -I"D:/EmbeddedCodes/RTOS_Workspace/STM32_Task_Delete_Updated/StdPeriph_Driver/inc" -I"D:/EmbeddedCodes/RTOS_Workspace/STM32_Task_Delete_Updated/Config" -I"D:/EmbeddedCodes/RTOS_Workspace/STM32_Task_Delete_Updated/Third-party/SEGGER/Config" -I"D:/EmbeddedCodes/RTOS_Workspace/STM32_Task_Delete_Updated/Third-party/SEGGER/OS" -I"D:/EmbeddedCodes/RTOS_Workspace/STM32_Task_Delete_Updated/Third-party/SEGGER/SEGGER" -I"D:/EmbeddedCodes/RTOS_Workspace/STM32_Task_Delete_Updated/Third-party/FreeRTOS/org/Source/portable/GCC/ARM_CM4F" -I"D:/EmbeddedCodes/RTOS_Workspace/STM32_Task_Delete_Updated/Third-party/FreeRTOS/org/Source/include" -I"D:/EmbeddedCodes/RTOS_Workspace/STM32_Task_Delete_Updated/inc" -I"D:/EmbeddedCodes/RTOS_Workspace/STM32_Task_Delete_Updated/CMSIS/device" -I"D:/EmbeddedCodes/RTOS_Workspace/STM32_Task_Delete_Updated/CMSIS/core" -O0 -g3 -Wall -fmessage-length=0 -ffunction-sections -c -MMD -MP -MF"StdPeriph_Driver/src/stm32f4xx_cryp_tdes.d" -MT"StdPeriph_Driver/src/stm32f4xx_cryp_tdes.o" -o "StdPeriph_Driver/src/stm32f4xx_cryp_tdes.o" "../StdPeriph_Driver/src/stm32f4xx_cryp_tdes.c"
D:\EmbeddedCodes\RTOS_Workspace\STM32_Task_Delete_Updated\Debug
arm-none-eabi-gcc -mcpu=cortex-m4 -mthumb -mfloat-abi=hard -mfpu=fpv4-sp-d16 -DSTM32 -DSTM32F4 -DSTM32F446RETx -DNUCLEO_F446RE -DDEBUG -DSTM32F446xx -DUSE_STDPERIPH_DRIVER -I"D:/EmbeddedCodes/RTOS_Workspace/STM32_Task_Delete_Updated/StdPeriph_Driver/inc" -I"D:/EmbeddedCodes/RTOS_Workspace/STM32_Task_Delete_Updated/Config" -I"D:/EmbeddedCodes/RTOS_Workspace/STM32_Task_Delete_Updated/Third-party/SEGGER/Config" -I"D:/EmbeddedCodes/RTOS_Workspace/STM32_Task_Delete_Updated/Third-party/SEGGER/OS" -I"D:/EmbeddedCodes/RTOS_Workspace/STM32_Task_Delete_Updated/Third-party/SEGGER/SEGGER" -I"D:/EmbeddedCodes/RTOS_Workspace/STM32_Task_Delete_Updated/Third-party/FreeRTOS/org/Source/portable/GCC/ARM_CM4F" -I"D:/EmbeddedCodes/RTOS_Workspace/STM32_Task_Delete_Updated/Third-party/FreeRTOS/org/Source/include" -I"D:/EmbeddedCodes/RTOS_Workspace/STM32_Task_Delete_Updated/inc" -I"D:/EmbeddedCodes/RTOS_Workspace/STM32_Task_Delete_Updated/CMSIS/device" -I"D:/EmbeddedCodes/RTOS_Workspace/STM32_Task_Delete_Updated/CMSIS/core" -O0 -g3 -Wall -fmessage-length=0 -ffunction-sections -c -MMD -MP -MF"StdPeriph_Driver/src/stm32f4xx_dac.d" -MT"StdPeriph_Driver/src/stm32f4xx_dac.o" -o "StdPeriph_Driver/src/stm32f4xx_dac.o" "../StdPeriph_Driver/src/stm32f4xx_dac.c"
 
Building file: ../StdPeriph_Driver/src/stm32f4xx_dbgmcu.c
Finished building: ../StdPeriph_Driver/src/stm32f4xx_crc.c
Finished building: ../StdPeriph_Driver/src/stm32f4xx_can.c
 
Invoking: MCU GCC Compiler
 
Finished building: ../StdPeriph_Driver/src/stm32f4xx_cryp.c
D:\EmbeddedCodes\RTOS_Workspace\STM32_Task_Delete_Updated\Debug
arm-none-eabi-gcc -mcpu=cortex-m4 -mthumb -mfloat-abi=hard -mfpu=fpv4-sp-d16 -DSTM32 -DSTM32F4 -DSTM32F446RETx -DNUCLEO_F446RE -DDEBUG -DSTM32F446xx -DUSE_STDPERIPH_DRIVER -I"D:/EmbeddedCodes/RTOS_Workspace/STM32_Task_Delete_Updated/StdPeriph_Driver/inc" -I"D:/EmbeddedCodes/RTOS_Workspace/STM32_Task_Delete_Updated/Config" -I"D:/EmbeddedCodes/RTOS_Workspace/STM32_Task_Delete_Updated/Third-party/SEGGER/Config" -I"D:/EmbeddedCodes/RTOS_Workspace/STM32_Task_Delete_Updated/Third-party/SEGGER/OS" -I"D:/EmbeddedCodes/RTOS_Workspace/STM32_Task_Delete_Updated/Third-party/SEGGER/SEGGER" -I"D:/EmbeddedCodes/RTOS_Workspace/STM32_Task_Delete_Updated/Third-party/FreeRTOS/org/Source/portable/GCC/ARM_CM4F" -I"D:/EmbeddedCodes/RTOS_Workspace/STM32_Task_Delete_Updated/Third-party/FreeRTOS/org/Source/include" -I"D:/EmbeddedCodes/RTOS_Workspace/STM32_Task_Delete_Updated/inc" -I"D:/EmbeddedCodes/RTOS_Workspace/STM32_Task_Delete_Updated/CMSIS/device" -I"D:/EmbeddedCodes/RTOS_Workspace/STM32_Task_Delete_Updated/CMSIS/core" -O0 -g3 -Wall -fmessage-length=0 -ffunction-sections -c -MMD -MP -MF"StdPeriph_Driver/src/stm32f4xx_dbgmcu.d" -MT"StdPeriph_Driver/src/stm32f4xx_dbgmcu.o" -o "StdPeriph_Driver/src/stm32f4xx_dbgmcu.o" "../StdPeriph_Driver/src/stm32f4xx_dbgmcu.c"
Building file: ../StdPeriph_Driver/src/stm32f4xx_dcmi.c
Building file: ../StdPeriph_Driver/src/stm32f4xx_dfsdm.c
 
Invoking: MCU GCC Compiler
Invoking: MCU GCC Compiler
Building file: ../StdPeriph_Driver/src/stm32f4xx_dma.c
D:\EmbeddedCodes\RTOS_Workspace\STM32_Task_Delete_Updated\Debug
D:\EmbeddedCodes\RTOS_Workspace\STM32_Task_Delete_Updated\Debug
arm-none-eabi-gcc -mcpu=cortex-m4 -mthumb -mfloat-abi=hard -mfpu=fpv4-sp-d16 -DSTM32 -DSTM32F4 -DSTM32F446RETx -DNUCLEO_F446RE -DDEBUG -DSTM32F446xx -DUSE_STDPERIPH_DRIVER -I"D:/EmbeddedCodes/RTOS_Workspace/STM32_Task_Delete_Updated/StdPeriph_Driver/inc" -I"D:/EmbeddedCodes/RTOS_Workspace/STM32_Task_Delete_Updated/Config" -I"D:/EmbeddedCodes/RTOS_Workspace/STM32_Task_Delete_Updated/Third-party/SEGGER/Config" -I"D:/EmbeddedCodes/RTOS_Workspace/STM32_Task_Delete_Updated/Third-party/SEGGER/OS" -I"D:/EmbeddedCodes/RTOS_Workspace/STM32_Task_Delete_Updated/Third-party/SEGGER/SEGGER" -I"D:/EmbeddedCodes/RTOS_Workspace/STM32_Task_Delete_Updated/Third-party/FreeRTOS/org/Source/portable/GCC/ARM_CM4F" -I"D:/EmbeddedCodes/RTOS_Workspace/STM32_Task_Delete_Updated/Third-party/FreeRTOS/org/Source/include" -I"D:/EmbeddedCodes/RTOS_Workspace/STM32_Task_Delete_Updated/inc" -I"D:/EmbeddedCodes/RTOS_Workspace/STM32_Task_Delete_Updated/CMSIS/device" -I"D:/EmbeddedCodes/RTOS_Workspace/STM32_Task_Delete_Updated/CMSIS/core" -O0 -g3 -Wall -fmessage-length=0 -ffunction-sections -c -MMD -MP -MF"StdPeriph_Driver/src/stm32f4xx_dfsdm.d" -MT"StdPeriph_Driver/src/stm32f4xx_dfsdm.o" -o "StdPeriph_Driver/src/stm32f4xx_dfsdm.o" "../StdPeriph_Driver/src/stm32f4xx_dfsdm.c"
arm-none-eabi-gcc -mcpu=cortex-m4 -mthumb -mfloat-abi=hard -mfpu=fpv4-sp-d16 -DSTM32 -DSTM32F4 -DSTM32F446RETx -DNUCLEO_F446RE -DDEBUG -DSTM32F446xx -DUSE_STDPERIPH_DRIVER -I"D:/EmbeddedCodes/RTOS_Workspace/STM32_Task_Delete_Updated/StdPeriph_Driver/inc" -I"D:/EmbeddedCodes/RTOS_Workspace/STM32_Task_Delete_Updated/Config" -I"D:/EmbeddedCodes/RTOS_Workspace/STM32_Task_Delete_Updated/Third-party/SEGGER/Config" -I"D:/EmbeddedCodes/RTOS_Workspace/STM32_Task_Delete_Updated/Third-party/SEGGER/OS" -I"D:/EmbeddedCodes/RTOS_Workspace/STM32_Task_Delete_Updated/Third-party/SEGGER/SEGGER" -I"D:/EmbeddedCodes/RTOS_Workspace/STM32_Task_Delete_Updated/Third-party/FreeRTOS/org/Source/portable/GCC/ARM_CM4F" -I"D:/EmbeddedCodes/RTOS_Workspace/STM32_Task_Delete_Updated/Third-party/FreeRTOS/org/Source/include" -I"D:/EmbeddedCodes/RTOS_Workspace/STM32_Task_Delete_Updated/inc" -I"D:/EmbeddedCodes/RTOS_Workspace/STM32_Task_Delete_Updated/CMSIS/device" -I"D:/EmbeddedCodes/RTOS_Workspace/STM32_Task_Delete_Updated/CMSIS/core" -O0 -g3 -Wall -fmessage-length=0 -ffunction-sections -c -MMD -MP -MF"StdPeriph_Driver/src/stm32f4xx_dcmi.d" -MT"StdPeriph_Driver/src/stm32f4xx_dcmi.o" -o "StdPeriph_Driver/src/stm32f4xx_dcmi.o" "../StdPeriph_Driver/src/stm32f4xx_dcmi.c"
Invoking: MCU GCC Compiler
D:\EmbeddedCodes\RTOS_Workspace\STM32_Task_Delete_Updated\Debug
arm-none-eabi-gcc -mcpu=cortex-m4 -mthumb -mfloat-abi=hard -mfpu=fpv4-sp-d16 -DSTM32 -DSTM32F4 -DSTM32F446RETx -DNUCLEO_F446RE -DDEBUG -DSTM32F446xx -DUSE_STDPERIPH_DRIVER -I"D:/EmbeddedCodes/RTOS_Workspace/STM32_Task_Delete_Updated/StdPeriph_Driver/inc" -I"D:/EmbeddedCodes/RTOS_Workspace/STM32_Task_Delete_Updated/Config" -I"D:/EmbeddedCodes/RTOS_Workspace/STM32_Task_Delete_Updated/Third-party/SEGGER/Config" -I"D:/EmbeddedCodes/RTOS_Workspace/STM32_Task_Delete_Updated/Third-party/SEGGER/OS" -I"D:/EmbeddedCodes/RTOS_Workspace/STM32_Task_Delete_Updated/Third-party/SEGGER/SEGGER" -I"D:/EmbeddedCodes/RTOS_Workspace/STM32_Task_Delete_Updated/Third-party/FreeRTOS/org/Source/portable/GCC/ARM_CM4F" -I"D:/EmbeddedCodes/RTOS_Workspace/STM32_Task_Delete_Updated/Third-party/FreeRTOS/org/Source/include" -I"D:/EmbeddedCodes/RTOS_Workspace/STM32_Task_Delete_Updated/inc" -I"D:/EmbeddedCodes/RTOS_Workspace/STM32_Task_Delete_Updated/CMSIS/device" -I"D:/EmbeddedCodes/RTOS_Workspace/STM32_Task_Delete_Updated/CMSIS/core" -O0 -g3 -Wall -fmessage-length=0 -ffunction-sections -c -MMD -MP -MF"StdPeriph_Driver/src/stm32f4xx_dma.d" -MT"StdPeriph_Driver/src/stm32f4xx_dma.o" -o "StdPeriph_Driver/src/stm32f4xx_dma.o" "../StdPeriph_Driver/src/stm32f4xx_dma.c"
Finished building: ../StdPeriph_Driver/src/stm32f4xx_cryp_des.c
 
Finished building: ../StdPeriph_Driver/src/stm32f4xx_cryp_aes.c
Building file: ../StdPeriph_Driver/src/stm32f4xx_dma2d.c
 
Invoking: MCU GCC Compiler
Building file: ../StdPeriph_Driver/src/stm32f4xx_dsi.c
D:\EmbeddedCodes\RTOS_Workspace\STM32_Task_Delete_Updated\Debug
arm-none-eabi-gcc -mcpu=cortex-m4 -mthumb -mfloat-abi=hard -mfpu=fpv4-sp-d16 -DSTM32 -DSTM32F4 -DSTM32F446RETx -DNUCLEO_F446RE -DDEBUG -DSTM32F446xx -DUSE_STDPERIPH_DRIVER -I"D:/EmbeddedCodes/RTOS_Workspace/STM32_Task_Delete_Updated/StdPeriph_Driver/inc" -I"D:/EmbeddedCodes/RTOS_Workspace/STM32_Task_Delete_Updated/Config" -I"D:/EmbeddedCodes/RTOS_Workspace/STM32_Task_Delete_Updated/Third-party/SEGGER/Config" -I"D:/EmbeddedCodes/RTOS_Workspace/STM32_Task_Delete_Updated/Third-party/SEGGER/OS" -I"D:/EmbeddedCodes/RTOS_Workspace/STM32_Task_Delete_Updated/Third-party/SEGGER/SEGGER" -I"D:/EmbeddedCodes/RTOS_Workspace/STM32_Task_Delete_Updated/Third-party/FreeRTOS/org/Source/portable/GCC/ARM_CM4F" -I"D:/EmbeddedCodes/RTOS_Workspace/STM32_Task_Delete_Updated/Third-party/FreeRTOS/org/Source/include" -I"D:/EmbeddedCodes/RTOS_Workspace/STM32_Task_Delete_Updated/inc" -I"D:/EmbeddedCodes/RTOS_Workspace/STM32_Task_Delete_Updated/CMSIS/device" -I"D:/EmbeddedCodes/RTOS_Workspace/STM32_Task_Delete_Updated/CMSIS/core" -O0 -g3 -Wall -fmessage-length=0 -ffunction-sections -c -MMD -MP -MF"StdPeriph_Driver/src/stm32f4xx_dma2d.d" -MT"StdPeriph_Driver/src/stm32f4xx_dma2d.o" -o "StdPeriph_Driver/src/stm32f4xx_dma2d.o" "../StdPeriph_Driver/src/stm32f4xx_dma2d.c"
Invoking: MCU GCC Compiler
D:\EmbeddedCodes\RTOS_Workspace\STM32_Task_Delete_Updated\Debug
arm-none-eabi-gcc -mcpu=cortex-m4 -mthumb -mfloat-abi=hard -mfpu=fpv4-sp-d16 -DSTM32 -DSTM32F4 -DSTM32F446RETx -DNUCLEO_F446RE -DDEBUG -DSTM32F446xx -DUSE_STDPERIPH_DRIVER -I"D:/EmbeddedCodes/RTOS_Workspace/STM32_Task_Delete_Updated/StdPeriph_Driver/inc" -I"D:/EmbeddedCodes/RTOS_Workspace/STM32_Task_Delete_Updated/Config" -I"D:/EmbeddedCodes/RTOS_Workspace/STM32_Task_Delete_Updated/Third-party/SEGGER/Config" -I"D:/EmbeddedCodes/RTOS_Workspace/STM32_Task_Delete_Updated/Third-party/SEGGER/OS" -I"D:/EmbeddedCodes/RTOS_Workspace/STM32_Task_Delete_Updated/Third-party/SEGGER/SEGGER" -I"D:/EmbeddedCodes/RTOS_Workspace/STM32_Task_Delete_Updated/Third-party/FreeRTOS/org/Source/portable/GCC/ARM_CM4F" -I"D:/EmbeddedCodes/RTOS_Workspace/STM32_Task_Delete_Updated/Third-party/FreeRTOS/org/Source/include" -I"D:/EmbeddedCodes/RTOS_Workspace/STM32_Task_Delete_Updated/inc" -I"D:/EmbeddedCodes/RTOS_Workspace/STM32_Task_Delete_Updated/CMSIS/device" -I"D:/EmbeddedCodes/RTOS_Workspace/STM32_Task_Delete_Updated/CMSIS/core" -O0 -g3 -Wall -fmessage-length=0 -ffunction-sections -c -MMD -MP -MF"StdPeriph_Driver/src/stm32f4xx_dsi.d" -MT"StdPeriph_Driver/src/stm32f4xx_dsi.o" -o "StdPeriph_Driver/src/stm32f4xx_dsi.o" "../StdPeriph_Driver/src/stm32f4xx_dsi.c"
Finished building: ../StdPeriph_Driver/src/stm32f4xx_cryp_tdes.c
Finished building: ../StdPeriph_Driver/src/stm32f4xx_dac.c
 
Building file: ../StdPeriph_Driver/src/stm32f4xx_exti.c
 
Finished building: ../StdPeriph_Driver/src/stm32f4xx_dbgmcu.c
Invoking: MCU GCC Compiler
Building file: ../StdPeriph_Driver/src/stm32f4xx_flash.c
 
Finished building: ../StdPeriph_Driver/src/stm32f4xx_dfsdm.c
D:\EmbeddedCodes\RTOS_Workspace\STM32_Task_Delete_Updated\Debug
Invoking: MCU GCC Compiler
Building file: ../StdPeriph_Driver/src/stm32f4xx_flash_ramfunc.c
arm-none-eabi-gcc -mcpu=cortex-m4 -mthumb -mfloat-abi=hard -mfpu=fpv4-sp-d16 -DSTM32 -DSTM32F4 -DSTM32F446RETx -DNUCLEO_F446RE -DDEBUG -DSTM32F446xx -DUSE_STDPERIPH_DRIVER -I"D:/EmbeddedCodes/RTOS_Workspace/STM32_Task_Delete_Updated/StdPeriph_Driver/inc" -I"D:/EmbeddedCodes/RTOS_Workspace/STM32_Task_Delete_Updated/Config" -I"D:/EmbeddedCodes/RTOS_Workspace/STM32_Task_Delete_Updated/Third-party/SEGGER/Config" -I"D:/EmbeddedCodes/RTOS_Workspace/STM32_Task_Delete_Updated/Third-party/SEGGER/OS" -I"D:/EmbeddedCodes/RTOS_Workspace/STM32_Task_Delete_Updated/Third-party/SEGGER/SEGGER" -I"D:/EmbeddedCodes/RTOS_Workspace/STM32_Task_Delete_Updated/Third-party/FreeRTOS/org/Source/portable/GCC/ARM_CM4F" -I"D:/EmbeddedCodes/RTOS_Workspace/STM32_Task_Delete_Updated/Third-party/FreeRTOS/org/Source/include" -I"D:/EmbeddedCodes/RTOS_Workspace/STM32_Task_Delete_Updated/inc" -I"D:/EmbeddedCodes/RTOS_Workspace/STM32_Task_Delete_Updated/CMSIS/device" -I"D:/EmbeddedCodes/RTOS_Workspace/STM32_Task_Delete_Updated/CMSIS/core" -O0 -g3 -Wall -fmessage-length=0 -ffunction-sections -c -MMD -MP -MF"StdPeriph_Driver/src/stm32f4xx_exti.d" -MT"StdPeriph_Driver/src/stm32f4xx_exti.o" -o "StdPeriph_Driver/src/stm32f4xx_exti.o" "../StdPeriph_Driver/src/stm32f4xx_exti.c"
 
D:\EmbeddedCodes\RTOS_Workspace\STM32_Task_Delete_Updated\Debug
arm-none-eabi-gcc -mcpu=cortex-m4 -mthumb -mfloat-abi=hard -mfpu=fpv4-sp-d16 -DSTM32 -DSTM32F4 -DSTM32F446RETx -DNUCLEO_F446RE -DDEBUG -DSTM32F446xx -DUSE_STDPERIPH_DRIVER -I"D:/EmbeddedCodes/RTOS_Workspace/STM32_Task_Delete_Updated/StdPeriph_Driver/inc" -I"D:/EmbeddedCodes/RTOS_Workspace/STM32_Task_Delete_Updated/Config" -I"D:/EmbeddedCodes/RTOS_Workspace/STM32_Task_Delete_Updated/Third-party/SEGGER/Config" -I"D:/EmbeddedCodes/RTOS_Workspace/STM32_Task_Delete_Updated/Third-party/SEGGER/OS" -I"D:/EmbeddedCodes/RTOS_Workspace/STM32_Task_Delete_Updated/Third-party/SEGGER/SEGGER" -I"D:/EmbeddedCodes/RTOS_Workspace/STM32_Task_Delete_Updated/Third-party/FreeRTOS/org/Source/portable/GCC/ARM_CM4F" -I"D:/EmbeddedCodes/RTOS_Workspace/STM32_Task_Delete_Updated/Third-party/FreeRTOS/org/Source/include" -I"D:/EmbeddedCodes/RTOS_Workspace/STM32_Task_Delete_Updated/inc" -I"D:/EmbeddedCodes/RTOS_Workspace/STM32_Task_Delete_Updated/CMSIS/device" -I"D:/EmbeddedCodes/RTOS_Workspace/STM32_Task_Delete_Updated/CMSIS/core" -O0 -g3 -Wall -fmessage-length=0 -ffunction-sections -c -MMD -MP -MF"StdPeriph_Driver/src/stm32f4xx_flash.d" -MT"StdPeriph_Driver/src/stm32f4xx_flash.o" -o "StdPeriph_Driver/src/stm32f4xx_flash.o" "../StdPeriph_Driver/src/stm32f4xx_flash.c"
Building file: ../StdPeriph_Driver/src/stm32f4xx_fmc.c
Invoking: MCU GCC Compiler
D:\EmbeddedCodes\RTOS_Workspace\STM32_Task_Delete_Updated\Debug
Invoking: MCU GCC Compiler
arm-none-eabi-gcc -mcpu=cortex-m4 -mthumb -mfloat-abi=hard -mfpu=fpv4-sp-d16 -DSTM32 -DSTM32F4 -DSTM32F446RETx -DNUCLEO_F446RE -DDEBUG -DSTM32F446xx -DUSE_STDPERIPH_DRIVER -I"D:/EmbeddedCodes/RTOS_Workspace/STM32_Task_Delete_Updated/StdPeriph_Driver/inc" -I"D:/EmbeddedCodes/RTOS_Workspace/STM32_Task_Delete_Updated/Config" -I"D:/EmbeddedCodes/RTOS_Workspace/STM32_Task_Delete_Updated/Third-party/SEGGER/Config" -I"D:/EmbeddedCodes/RTOS_Workspace/STM32_Task_Delete_Updated/Third-party/SEGGER/OS" -I"D:/EmbeddedCodes/RTOS_Workspace/STM32_Task_Delete_Updated/Third-party/SEGGER/SEGGER" -I"D:/EmbeddedCodes/RTOS_Workspace/STM32_Task_Delete_Updated/Third-party/FreeRTOS/org/Source/portable/GCC/ARM_CM4F" -I"D:/EmbeddedCodes/RTOS_Workspace/STM32_Task_Delete_Updated/Third-party/FreeRTOS/org/Source/include" -I"D:/EmbeddedCodes/RTOS_Workspace/STM32_Task_Delete_Updated/inc" -I"D:/EmbeddedCodes/RTOS_Workspace/STM32_Task_Delete_Updated/CMSIS/device" -I"D:/EmbeddedCodes/RTOS_Workspace/STM32_Task_Delete_Updated/CMSIS/core" -O0 -g3 -Wall -fmessage-length=0 -ffunction-sections -c -MMD -MP -MF"StdPeriph_Driver/src/stm32f4xx_flash_ramfunc.d" -MT"StdPeriph_Driver/src/stm32f4xx_flash_ramfunc.o" -o "StdPeriph_Driver/src/stm32f4xx_flash_ramfunc.o" "../StdPeriph_Driver/src/stm32f4xx_flash_ramfunc.c"
Finished building: ../StdPeriph_Driver/src/stm32f4xx_dcmi.c
D:\EmbeddedCodes\RTOS_Workspace\STM32_Task_Delete_Updated\Debug
arm-none-eabi-gcc -mcpu=cortex-m4 -mthumb -mfloat-abi=hard -mfpu=fpv4-sp-d16 -DSTM32 -DSTM32F4 -DSTM32F446RETx -DNUCLEO_F446RE -DDEBUG -DSTM32F446xx -DUSE_STDPERIPH_DRIVER -I"D:/EmbeddedCodes/RTOS_Workspace/STM32_Task_Delete_Updated/StdPeriph_Driver/inc" -I"D:/EmbeddedCodes/RTOS_Workspace/STM32_Task_Delete_Updated/Config" -I"D:/EmbeddedCodes/RTOS_Workspace/STM32_Task_Delete_Updated/Third-party/SEGGER/Config" -I"D:/EmbeddedCodes/RTOS_Workspace/STM32_Task_Delete_Updated/Third-party/SEGGER/OS" -I"D:/EmbeddedCodes/RTOS_Workspace/STM32_Task_Delete_Updated/Third-party/SEGGER/SEGGER" -I"D:/EmbeddedCodes/RTOS_Workspace/STM32_Task_Delete_Updated/Third-party/FreeRTOS/org/Source/portable/GCC/ARM_CM4F" -I"D:/EmbeddedCodes/RTOS_Workspace/STM32_Task_Delete_Updated/Third-party/FreeRTOS/org/Source/include" -I"D:/EmbeddedCodes/RTOS_Workspace/STM32_Task_Delete_Updated/inc" -I"D:/EmbeddedCodes/RTOS_Workspace/STM32_Task_Delete_Updated/CMSIS/device" -I"D:/EmbeddedCodes/RTOS_Workspace/STM32_Task_Delete_Updated/CMSIS/core" -O0 -g3 -Wall -fmessage-length=0 -ffunction-sections -c -MMD -MP -MF"StdPeriph_Driver/src/stm32f4xx_fmc.d" -MT"StdPeriph_Driver/src/stm32f4xx_fmc.o" -o "StdPeriph_Driver/src/stm32f4xx_fmc.o" "../StdPeriph_Driver/src/stm32f4xx_fmc.c"
 
Finished building: ../StdPeriph_Driver/src/stm32f4xx_dma.c
Building file: ../StdPeriph_Driver/src/stm32f4xx_fmip2c.c
 
Invoking: MCU GCC Compiler
Building file: ../StdPeriph_Driver/src/stm32f4xx_fsmc.c
Finished building: ../StdPeriph_Driver/src/stm32f4xx_dsi.c
D:\EmbeddedCodes\RTOS_Workspace\STM32_Task_Delete_Updated\Debug
arm-none-eabi-gcc -mcpu=cortex-m4 -mthumb -mfloat-abi=hard -mfpu=fpv4-sp-d16 -DSTM32 -DSTM32F4 -DSTM32F446RETx -DNUCLEO_F446RE -DDEBUG -DSTM32F446xx -DUSE_STDPERIPH_DRIVER -I"D:/EmbeddedCodes/RTOS_Workspace/STM32_Task_Delete_Updated/StdPeriph_Driver/inc" -I"D:/EmbeddedCodes/RTOS_Workspace/STM32_Task_Delete_Updated/Config" -I"D:/EmbeddedCodes/RTOS_Workspace/STM32_Task_Delete_Updated/Third-party/SEGGER/Config" -I"D:/EmbeddedCodes/RTOS_Workspace/STM32_Task_Delete_Updated/Third-party/SEGGER/OS" -I"D:/EmbeddedCodes/RTOS_Workspace/STM32_Task_Delete_Updated/Third-party/SEGGER/SEGGER" -I"D:/EmbeddedCodes/RTOS_Workspace/STM32_Task_Delete_Updated/Third-party/FreeRTOS/org/Source/portable/GCC/ARM_CM4F" -I"D:/EmbeddedCodes/RTOS_Workspace/STM32_Task_Delete_Updated/Third-party/FreeRTOS/org/Source/include" -I"D:/EmbeddedCodes/RTOS_Workspace/STM32_Task_Delete_Updated/inc" -I"D:/EmbeddedCodes/RTOS_Workspace/STM32_Task_Delete_Updated/CMSIS/device" -I"D:/EmbeddedCodes/RTOS_Workspace/STM32_Task_Delete_Updated/CMSIS/core" -O0 -g3 -Wall -fmessage-length=0 -ffunction-sections -c -MMD -MP -MF"StdPeriph_Driver/src/stm32f4xx_fmip2c.d" -MT"StdPeriph_Driver/src/stm32f4xx_fmip2c.o" -o "StdPeriph_Driver/src/stm32f4xx_fmip2c.o" "../StdPeriph_Driver/src/stm32f4xx_fmip2c.c"
Invoking: MCU GCC Compiler
Finished building: ../StdPeriph_Driver/src/stm32f4xx_dma2d.c
 
D:\EmbeddedCodes\RTOS_Workspace\STM32_Task_Delete_Updated\Debug
 
Building file: ../StdPeriph_Driver/src/stm32f4xx_gpio.c
arm-none-eabi-gcc -mcpu=cortex-m4 -mthumb -mfloat-abi=hard -mfpu=fpv4-sp-d16 -DSTM32 -DSTM32F4 -DSTM32F446RETx -DNUCLEO_F446RE -DDEBUG -DSTM32F446xx -DUSE_STDPERIPH_DRIVER -I"D:/EmbeddedCodes/RTOS_Workspace/STM32_Task_Delete_Updated/StdPeriph_Driver/inc" -I"D:/EmbeddedCodes/RTOS_Workspace/STM32_Task_Delete_Updated/Config" -I"D:/EmbeddedCodes/RTOS_Workspace/STM32_Task_Delete_Updated/Third-party/SEGGER/Config" -I"D:/EmbeddedCodes/RTOS_Workspace/STM32_Task_Delete_Updated/Third-party/SEGGER/OS" -I"D:/EmbeddedCodes/RTOS_Workspace/STM32_Task_Delete_Updated/Third-party/SEGGER/SEGGER" -I"D:/EmbeddedCodes/RTOS_Workspace/STM32_Task_Delete_Updated/Third-party/FreeRTOS/org/Source/portable/GCC/ARM_CM4F" -I"D:/EmbeddedCodes/RTOS_Workspace/STM32_Task_Delete_Updated/Third-party/FreeRTOS/org/Source/include" -I"D:/EmbeddedCodes/RTOS_Workspace/STM32_Task_Delete_Updated/inc" -I"D:/EmbeddedCodes/RTOS_Workspace/STM32_Task_Delete_Updated/CMSIS/device" -I"D:/EmbeddedCodes/RTOS_Workspace/STM32_Task_Delete_Updated/CMSIS/core" -O0 -g3 -Wall -fmessage-length=0 -ffunction-sections -c -MMD -MP -MF"StdPeriph_Driver/src/stm32f4xx_fsmc.d" -MT"StdPeriph_Driver/src/stm32f4xx_fsmc.o" -o "StdPeriph_Driver/src/stm32f4xx_fsmc.o" "../StdPeriph_Driver/src/stm32f4xx_fsmc.c"
Invoking: MCU GCC Compiler
Building file: ../StdPeriph_Driver/src/stm32f4xx_hash.c
D:\EmbeddedCodes\RTOS_Workspace\STM32_Task_Delete_Updated\Debug
Invoking: MCU GCC Compiler
arm-none-eabi-gcc -mcpu=cortex-m4 -mthumb -mfloat-abi=hard -mfpu=fpv4-sp-d16 -DSTM32 -DSTM32F4 -DSTM32F446RETx -DNUCLEO_F446RE -DDEBUG -DSTM32F446xx -DUSE_STDPERIPH_DRIVER -I"D:/EmbeddedCodes/RTOS_Workspace/STM32_Task_Delete_Updated/StdPeriph_Driver/inc" -I"D:/EmbeddedCodes/RTOS_Workspace/STM32_Task_Delete_Updated/Config" -I"D:/EmbeddedCodes/RTOS_Workspace/STM32_Task_Delete_Updated/Third-party/SEGGER/Config" -I"D:/EmbeddedCodes/RTOS_Workspace/STM32_Task_Delete_Updated/Third-party/SEGGER/OS" -I"D:/EmbeddedCodes/RTOS_Workspace/STM32_Task_Delete_Updated/Third-party/SEGGER/SEGGER" -I"D:/EmbeddedCodes/RTOS_Workspace/STM32_Task_Delete_Updated/Third-party/FreeRTOS/org/Source/portable/GCC/ARM_CM4F" -I"D:/EmbeddedCodes/RTOS_Workspace/STM32_Task_Delete_Updated/Third-party/FreeRTOS/org/Source/include" -I"D:/EmbeddedCodes/RTOS_Workspace/STM32_Task_Delete_Updated/inc" -I"D:/EmbeddedCodes/RTOS_Workspace/STM32_Task_Delete_Updated/CMSIS/device" -I"D:/EmbeddedCodes/RTOS_Workspace/STM32_Task_Delete_Updated/CMSIS/core" -O0 -g3 -Wall -fmessage-length=0 -ffunction-sections -c -MMD -MP -MF"StdPeriph_Driver/src/stm32f4xx_gpio.d" -MT"StdPeriph_Driver/src/stm32f4xx_gpio.o" -o "StdPeriph_Driver/src/stm32f4xx_gpio.o" "../StdPeriph_Driver/src/stm32f4xx_gpio.c"
D:\EmbeddedCodes\RTOS_Workspace\STM32_Task_Delete_Updated\Debug
arm-none-eabi-gcc -mcpu=cortex-m4 -mthumb -mfloat-abi=hard -mfpu=fpv4-sp-d16 -DSTM32 -DSTM32F4 -DSTM32F446RETx -DNUCLEO_F446RE -DDEBUG -DSTM32F446xx -DUSE_STDPERIPH_DRIVER -I"D:/EmbeddedCodes/RTOS_Workspace/STM32_Task_Delete_Updated/StdPeriph_Driver/inc" -I"D:/EmbeddedCodes/RTOS_Workspace/STM32_Task_Delete_Updated/Config" -I"D:/EmbeddedCodes/RTOS_Workspace/STM32_Task_Delete_Updated/Third-party/SEGGER/Config" -I"D:/EmbeddedCodes/RTOS_Workspace/STM32_Task_Delete_Updated/Third-party/SEGGER/OS" -I"D:/EmbeddedCodes/RTOS_Workspace/STM32_Task_Delete_Updated/Third-party/SEGGER/SEGGER" -I"D:/EmbeddedCodes/RTOS_Workspace/STM32_Task_Delete_Updated/Third-party/FreeRTOS/org/Source/portable/GCC/ARM_CM4F" -I"D:/EmbeddedCodes/RTOS_Workspace/STM32_Task_Delete_Updated/Third-party/FreeRTOS/org/Source/include" -I"D:/EmbeddedCodes/RTOS_Workspace/STM32_Task_Delete_Updated/inc" -I"D:/EmbeddedCodes/RTOS_Workspace/STM32_Task_Delete_Updated/CMSIS/device" -I"D:/EmbeddedCodes/RTOS_Workspace/STM32_Task_Delete_Updated/CMSIS/core" -O0 -g3 -Wall -fmessage-length=0 -ffunction-sections -c -MMD -MP -MF"StdPeriph_Driver/src/stm32f4xx_hash.d" -MT"StdPeriph_Driver/src/stm32f4xx_hash.o" -o "StdPeriph_Driver/src/stm32f4xx_hash.o" "../StdPeriph_Driver/src/stm32f4xx_hash.c"
Finished building: ../StdPeriph_Driver/src/stm32f4xx_exti.c
 
Building file: ../StdPeriph_Driver/src/stm32f4xx_hash_md5.c
Finished building: ../StdPeriph_Driver/src/stm32f4xx_flash.c
Invoking: MCU GCC Compiler
Finished building: ../StdPeriph_Driver/src/stm32f4xx_flash_ramfunc.c
Finished building: ../StdPeriph_Driver/src/stm32f4xx_fmc.c
 
D:\EmbeddedCodes\RTOS_Workspace\STM32_Task_Delete_Updated\Debug
 
 
arm-none-eabi-gcc -mcpu=cortex-m4 -mthumb -mfloat-abi=hard -mfpu=fpv4-sp-d16 -DSTM32 -DSTM32F4 -DSTM32F446RETx -DNUCLEO_F446RE -DDEBUG -DSTM32F446xx -DUSE_STDPERIPH_DRIVER -I"D:/EmbeddedCodes/RTOS_Workspace/STM32_Task_Delete_Updated/StdPeriph_Driver/inc" -I"D:/EmbeddedCodes/RTOS_Workspace/STM32_Task_Delete_Updated/Config" -I"D:/EmbeddedCodes/RTOS_Workspace/STM32_Task_Delete_Updated/Third-party/SEGGER/Config" -I"D:/EmbeddedCodes/RTOS_Workspace/STM32_Task_Delete_Updated/Third-party/SEGGER/OS" -I"D:/EmbeddedCodes/RTOS_Workspace/STM32_Task_Delete_Updated/Third-party/SEGGER/SEGGER" -I"D:/EmbeddedCodes/RTOS_Workspace/STM32_Task_Delete_Updated/Third-party/FreeRTOS/org/Source/portable/GCC/ARM_CM4F" -I"D:/EmbeddedCodes/RTOS_Workspace/STM32_Task_Delete_Updated/Third-party/FreeRTOS/org/Source/include" -I"D:/EmbeddedCodes/RTOS_Workspace/STM32_Task_Delete_Updated/inc" -I"D:/EmbeddedCodes/RTOS_Workspace/STM32_Task_Delete_Updated/CMSIS/device" -I"D:/EmbeddedCodes/RTOS_Workspace/STM32_Task_Delete_Updated/CMSIS/core" -O0 -g3 -Wall -fmessage-length=0 -ffunction-sections -c -MMD -MP -MF"StdPeriph_Driver/src/stm32f4xx_hash_md5.d" -MT"StdPeriph_Driver/src/stm32f4xx_hash_md5.o" -o "StdPeriph_Driver/src/stm32f4xx_hash_md5.o" "../StdPeriph_Driver/src/stm32f4xx_hash_md5.c"
Building file: ../StdPeriph_Driver/src/stm32f4xx_hash_sha1.c
Building file: ../StdPeriph_Driver/src/stm32f4xx_i2c.c
Building file: ../StdPeriph_Driver/src/stm32f4xx_iwdg.c
Invoking: MCU GCC Compiler
Invoking: MCU GCC Compiler
Invoking: MCU GCC Compiler
D:\EmbeddedCodes\RTOS_Workspace\STM32_Task_Delete_Updated\Debug
D:\EmbeddedCodes\RTOS_Workspace\STM32_Task_Delete_Updated\Debug
arm-none-eabi-gcc -mcpu=cortex-m4 -mthumb -mfloat-abi=hard -mfpu=fpv4-sp-d16 -DSTM32 -DSTM32F4 -DSTM32F446RETx -DNUCLEO_F446RE -DDEBUG -DSTM32F446xx -DUSE_STDPERIPH_DRIVER -I"D:/EmbeddedCodes/RTOS_Workspace/STM32_Task_Delete_Updated/StdPeriph_Driver/inc" -I"D:/EmbeddedCodes/RTOS_Workspace/STM32_Task_Delete_Updated/Config" -I"D:/EmbeddedCodes/RTOS_Workspace/STM32_Task_Delete_Updated/Third-party/SEGGER/Config" -I"D:/EmbeddedCodes/RTOS_Workspace/STM32_Task_Delete_Updated/Third-party/SEGGER/OS" -I"D:/EmbeddedCodes/RTOS_Workspace/STM32_Task_Delete_Updated/Third-party/SEGGER/SEGGER" -I"D:/EmbeddedCodes/RTOS_Workspace/STM32_Task_Delete_Updated/Third-party/FreeRTOS/org/Source/portable/GCC/ARM_CM4F" -I"D:/EmbeddedCodes/RTOS_Workspace/STM32_Task_Delete_Updated/Third-party/FreeRTOS/org/Source/include" -I"D:/EmbeddedCodes/RTOS_Workspace/STM32_Task_Delete_Updated/inc" -I"D:/EmbeddedCodes/RTOS_Workspace/STM32_Task_Delete_Updated/CMSIS/device" -I"D:/EmbeddedCodes/RTOS_Workspace/STM32_Task_Delete_Updated/CMSIS/core" -O0 -g3 -Wall -fmessage-length=0 -ffunction-sections -c -MMD -MP -MF"StdPeriph_Driver/src/stm32f4xx_hash_sha1.d" -MT"StdPeriph_Driver/src/stm32f4xx_hash_sha1.o" -o "StdPeriph_Driver/src/stm32f4xx_hash_sha1.o" "../StdPeriph_Driver/src/stm32f4xx_hash_sha1.c"
arm-none-eabi-gcc -mcpu=cortex-m4 -mthumb -mfloat-abi=hard -mfpu=fpv4-sp-d16 -DSTM32 -DSTM32F4 -DSTM32F446RETx -DNUCLEO_F446RE -DDEBUG -DSTM32F446xx -DUSE_STDPERIPH_DRIVER -I"D:/EmbeddedCodes/RTOS_Workspace/STM32_Task_Delete_Updated/StdPeriph_Driver/inc" -I"D:/EmbeddedCodes/RTOS_Workspace/STM32_Task_Delete_Updated/Config" -I"D:/EmbeddedCodes/RTOS_Workspace/STM32_Task_Delete_Updated/Third-party/SEGGER/Config" -I"D:/EmbeddedCodes/RTOS_Workspace/STM32_Task_Delete_Updated/Third-party/SEGGER/OS" -I"D:/EmbeddedCodes/RTOS_Workspace/STM32_Task_Delete_Updated/Third-party/SEGGER/SEGGER" -I"D:/EmbeddedCodes/RTOS_Workspace/STM32_Task_Delete_Updated/Third-party/FreeRTOS/org/Source/portable/GCC/ARM_CM4F" -I"D:/EmbeddedCodes/RTOS_Workspace/STM32_Task_Delete_Updated/Third-party/FreeRTOS/org/Source/include" -I"D:/EmbeddedCodes/RTOS_Workspace/STM32_Task_Delete_Updated/inc" -I"D:/EmbeddedCodes/RTOS_Workspace/STM32_Task_Delete_Updated/CMSIS/device" -I"D:/EmbeddedCodes/RTOS_Workspace/STM32_Task_Delete_Updated/CMSIS/core" -O0 -g3 -Wall -fmessage-length=0 -ffunction-sections -c -MMD -MP -MF"StdPeriph_Driver/src/stm32f4xx_iwdg.d" -MT"StdPeriph_Driver/src/stm32f4xx_iwdg.o" -o "StdPeriph_Driver/src/stm32f4xx_iwdg.o" "../StdPeriph_Driver/src/stm32f4xx_iwdg.c"
D:\EmbeddedCodes\RTOS_Workspace\STM32_Task_Delete_Updated\Debug
arm-none-eabi-gcc -mcpu=cortex-m4 -mthumb -mfloat-abi=hard -mfpu=fpv4-sp-d16 -DSTM32 -DSTM32F4 -DSTM32F446RETx -DNUCLEO_F446RE -DDEBUG -DSTM32F446xx -DUSE_STDPERIPH_DRIVER -I"D:/EmbeddedCodes/RTOS_Workspace/STM32_Task_Delete_Updated/StdPeriph_Driver/inc" -I"D:/EmbeddedCodes/RTOS_Workspace/STM32_Task_Delete_Updated/Config" -I"D:/EmbeddedCodes/RTOS_Workspace/STM32_Task_Delete_Updated/Third-party/SEGGER/Config" -I"D:/EmbeddedCodes/RTOS_Workspace/STM32_Task_Delete_Updated/Third-party/SEGGER/OS" -I"D:/EmbeddedCodes/RTOS_Workspace/STM32_Task_Delete_Updated/Third-party/SEGGER/SEGGER" -I"D:/EmbeddedCodes/RTOS_Workspace/STM32_Task_Delete_Updated/Third-party/FreeRTOS/org/Source/portable/GCC/ARM_CM4F" -I"D:/EmbeddedCodes/RTOS_Workspace/STM32_Task_Delete_Updated/Third-party/FreeRTOS/org/Source/include" -I"D:/EmbeddedCodes/RTOS_Workspace/STM32_Task_Delete_Updated/inc" -I"D:/EmbeddedCodes/RTOS_Workspace/STM32_Task_Delete_Updated/CMSIS/device" -I"D:/EmbeddedCodes/RTOS_Workspace/STM32_Task_Delete_Updated/CMSIS/core" -O0 -g3 -Wall -fmessage-length=0 -ffunction-sections -c -MMD -MP -MF"StdPeriph_Driver/src/stm32f4xx_i2c.d" -MT"StdPeriph_Driver/src/stm32f4xx_i2c.o" -o "StdPeriph_Driver/src/stm32f4xx_i2c.o" "../StdPeriph_Driver/src/stm32f4xx_i2c.c"
Finished building: ../StdPeriph_Driver/src/stm32f4xx_fmip2c.c
Finished building: ../StdPeriph_Driver/src/stm32f4xx_fsmc.c
 
 
Building file: ../StdPeriph_Driver/src/stm32f4xx_lptim.c
Building file: ../StdPeriph_Driver/src/stm32f4xx_ltdc.c
Finished building: ../StdPeriph_Driver/src/stm32f4xx_gpio.c
Invoking: MCU GCC Compiler
Invoking: MCU GCC Compiler
 
D:\EmbeddedCodes\RTOS_Workspace\STM32_Task_Delete_Updated\Debug
D:\EmbeddedCodes\RTOS_Workspace\STM32_Task_Delete_Updated\Debug
Finished building: ../StdPeriph_Driver/src/stm32f4xx_hash.c
Building file: ../StdPeriph_Driver/src/stm32f4xx_pwr.c
arm-none-eabi-gcc -mcpu=cortex-m4 -mthumb -mfloat-abi=hard -mfpu=fpv4-sp-d16 -DSTM32 -DSTM32F4 -DSTM32F446RETx -DNUCLEO_F446RE -DDEBUG -DSTM32F446xx -DUSE_STDPERIPH_DRIVER -I"D:/EmbeddedCodes/RTOS_Workspace/STM32_Task_Delete_Updated/StdPeriph_Driver/inc" -I"D:/EmbeddedCodes/RTOS_Workspace/STM32_Task_Delete_Updated/Config" -I"D:/EmbeddedCodes/RTOS_Workspace/STM32_Task_Delete_Updated/Third-party/SEGGER/Config" -I"D:/EmbeddedCodes/RTOS_Workspace/STM32_Task_Delete_Updated/Third-party/SEGGER/OS" -I"D:/EmbeddedCodes/RTOS_Workspace/STM32_Task_Delete_Updated/Third-party/SEGGER/SEGGER" -I"D:/EmbeddedCodes/RTOS_Workspace/STM32_Task_Delete_Updated/Third-party/FreeRTOS/org/Source/portable/GCC/ARM_CM4F" -I"D:/EmbeddedCodes/RTOS_Workspace/STM32_Task_Delete_Updated/Third-party/FreeRTOS/org/Source/include" -I"D:/EmbeddedCodes/RTOS_Workspace/STM32_Task_Delete_Updated/inc" -I"D:/EmbeddedCodes/RTOS_Workspace/STM32_Task_Delete_Updated/CMSIS/device" -I"D:/EmbeddedCodes/RTOS_Workspace/STM32_Task_Delete_Updated/CMSIS/core" -O0 -g3 -Wall -fmessage-length=0 -ffunction-sections -c -MMD -MP -MF"StdPeriph_Driver/src/stm32f4xx_ltdc.d" -MT"StdPeriph_Driver/src/stm32f4xx_ltdc.o" -o "StdPeriph_Driver/src/stm32f4xx_ltdc.o" "../StdPeriph_Driver/src/stm32f4xx_ltdc.c"
arm-none-eabi-gcc -mcpu=cortex-m4 -mthumb -mfloat-abi=hard -mfpu=fpv4-sp-d16 -DSTM32 -DSTM32F4 -DSTM32F446RETx -DNUCLEO_F446RE -DDEBUG -DSTM32F446xx -DUSE_STDPERIPH_DRIVER -I"D:/EmbeddedCodes/RTOS_Workspace/STM32_Task_Delete_Updated/StdPeriph_Driver/inc" -I"D:/EmbeddedCodes/RTOS_Workspace/STM32_Task_Delete_Updated/Config" -I"D:/EmbeddedCodes/RTOS_Workspace/STM32_Task_Delete_Updated/Third-party/SEGGER/Config" -I"D:/EmbeddedCodes/RTOS_Workspace/STM32_Task_Delete_Updated/Third-party/SEGGER/OS" -I"D:/EmbeddedCodes/RTOS_Workspace/STM32_Task_Delete_Updated/Third-party/SEGGER/SEGGER" -I"D:/EmbeddedCodes/RTOS_Workspace/STM32_Task_Delete_Updated/Third-party/FreeRTOS/org/Source/portable/GCC/ARM_CM4F" -I"D:/EmbeddedCodes/RTOS_Workspace/STM32_Task_Delete_Updated/Third-party/FreeRTOS/org/Source/include" -I"D:/EmbeddedCodes/RTOS_Workspace/STM32_Task_Delete_Updated/inc" -I"D:/EmbeddedCodes/RTOS_Workspace/STM32_Task_Delete_Updated/CMSIS/device" -I"D:/EmbeddedCodes/RTOS_Workspace/STM32_Task_Delete_Updated/CMSIS/core" -O0 -g3 -Wall -fmessage-length=0 -ffunction-sections -c -MMD -MP -MF"StdPeriph_Driver/src/stm32f4xx_lptim.d" -MT"StdPeriph_Driver/src/stm32f4xx_lptim.o" -o "StdPeriph_Driver/src/stm32f4xx_lptim.o" "../StdPeriph_Driver/src/stm32f4xx_lptim.c"
 
Invoking: MCU GCC Compiler
D:\EmbeddedCodes\RTOS_Workspace\STM32_Task_Delete_Updated\Debug
Building file: ../StdPeriph_Driver/src/stm32f4xx_qspi.c
arm-none-eabi-gcc -mcpu=cortex-m4 -mthumb -mfloat-abi=hard -mfpu=fpv4-sp-d16 -DSTM32 -DSTM32F4 -DSTM32F446RETx -DNUCLEO_F446RE -DDEBUG -DSTM32F446xx -DUSE_STDPERIPH_DRIVER -I"D:/EmbeddedCodes/RTOS_Workspace/STM32_Task_Delete_Updated/StdPeriph_Driver/inc" -I"D:/EmbeddedCodes/RTOS_Workspace/STM32_Task_Delete_Updated/Config" -I"D:/EmbeddedCodes/RTOS_Workspace/STM32_Task_Delete_Updated/Third-party/SEGGER/Config" -I"D:/EmbeddedCodes/RTOS_Workspace/STM32_Task_Delete_Updated/Third-party/SEGGER/OS" -I"D:/EmbeddedCodes/RTOS_Workspace/STM32_Task_Delete_Updated/Third-party/SEGGER/SEGGER" -I"D:/EmbeddedCodes/RTOS_Workspace/STM32_Task_Delete_Updated/Third-party/FreeRTOS/org/Source/portable/GCC/ARM_CM4F" -I"D:/EmbeddedCodes/RTOS_Workspace/STM32_Task_Delete_Updated/Third-party/FreeRTOS/org/Source/include" -I"D:/EmbeddedCodes/RTOS_Workspace/STM32_Task_Delete_Updated/inc" -I"D:/EmbeddedCodes/RTOS_Workspace/STM32_Task_Delete_Updated/CMSIS/device" -I"D:/EmbeddedCodes/RTOS_Workspace/STM32_Task_Delete_Updated/CMSIS/core" -O0 -g3 -Wall -fmessage-length=0 -ffunction-sections -c -MMD -MP -MF"StdPeriph_Driver/src/stm32f4xx_pwr.d" -MT"StdPeriph_Driver/src/stm32f4xx_pwr.o" -o "StdPeriph_Driver/src/stm32f4xx_pwr.o" "../StdPeriph_Driver/src/stm32f4xx_pwr.c"
Invoking: MCU GCC Compiler
D:\EmbeddedCodes\RTOS_Workspace\STM32_Task_Delete_Updated\Debug
arm-none-eabi-gcc -mcpu=cortex-m4 -mthumb -mfloat-abi=hard -mfpu=fpv4-sp-d16 -DSTM32 -DSTM32F4 -DSTM32F446RETx -DNUCLEO_F446RE -DDEBUG -DSTM32F446xx -DUSE_STDPERIPH_DRIVER -I"D:/EmbeddedCodes/RTOS_Workspace/STM32_Task_Delete_Updated/StdPeriph_Driver/inc" -I"D:/EmbeddedCodes/RTOS_Workspace/STM32_Task_Delete_Updated/Config" -I"D:/EmbeddedCodes/RTOS_Workspace/STM32_Task_Delete_Updated/Third-party/SEGGER/Config" -I"D:/EmbeddedCodes/RTOS_Workspace/STM32_Task_Delete_Updated/Third-party/SEGGER/OS" -I"D:/EmbeddedCodes/RTOS_Workspace/STM32_Task_Delete_Updated/Third-party/SEGGER/SEGGER" -I"D:/EmbeddedCodes/RTOS_Workspace/STM32_Task_Delete_Updated/Third-party/FreeRTOS/org/Source/portable/GCC/ARM_CM4F" -I"D:/EmbeddedCodes/RTOS_Workspace/STM32_Task_Delete_Updated/Third-party/FreeRTOS/org/Source/include" -I"D:/EmbeddedCodes/RTOS_Workspace/STM32_Task_Delete_Updated/inc" -I"D:/EmbeddedCodes/RTOS_Workspace/STM32_Task_Delete_Updated/CMSIS/device" -I"D:/EmbeddedCodes/RTOS_Workspace/STM32_Task_Delete_Updated/CMSIS/core" -O0 -g3 -Wall -fmessage-length=0 -ffunction-sections -c -MMD -MP -MF"StdPeriph_Driver/src/stm32f4xx_qspi.d" -MT"StdPeriph_Driver/src/stm32f4xx_qspi.o" -o "StdPeriph_Driver/src/stm32f4xx_qspi.o" "../StdPeriph_Driver/src/stm32f4xx_qspi.c"
Finished building: ../StdPeriph_Driver/src/stm32f4xx_hash_md5.c
 
Finished building: ../StdPeriph_Driver/src/stm32f4xx_iwdg.c
Finished building: ../StdPeriph_Driver/src/stm32f4xx_hash_sha1.c
Building file: ../StdPeriph_Driver/src/stm32f4xx_rcc.c
 
 
Invoking: MCU GCC Compiler
Building file: ../StdPeriph_Driver/src/stm32f4xx_rng.c
Building file: ../StdPeriph_Driver/src/stm32f4xx_rtc.c
D:\EmbeddedCodes\RTOS_Workspace\STM32_Task_Delete_Updated\Debug
arm-none-eabi-gcc -mcpu=cortex-m4 -mthumb -mfloat-abi=hard -mfpu=fpv4-sp-d16 -DSTM32 -DSTM32F4 -DSTM32F446RETx -DNUCLEO_F446RE -DDEBUG -DSTM32F446xx -DUSE_STDPERIPH_DRIVER -I"D:/EmbeddedCodes/RTOS_Workspace/STM32_Task_Delete_Updated/StdPeriph_Driver/inc" -I"D:/EmbeddedCodes/RTOS_Workspace/STM32_Task_Delete_Updated/Config" -I"D:/EmbeddedCodes/RTOS_Workspace/STM32_Task_Delete_Updated/Third-party/SEGGER/Config" -I"D:/EmbeddedCodes/RTOS_Workspace/STM32_Task_Delete_Updated/Third-party/SEGGER/OS" -I"D:/EmbeddedCodes/RTOS_Workspace/STM32_Task_Delete_Updated/Third-party/SEGGER/SEGGER" -I"D:/EmbeddedCodes/RTOS_Workspace/STM32_Task_Delete_Updated/Third-party/FreeRTOS/org/Source/portable/GCC/ARM_CM4F" -I"D:/EmbeddedCodes/RTOS_Workspace/STM32_Task_Delete_Updated/Third-party/FreeRTOS/org/Source/include" -I"D:/EmbeddedCodes/RTOS_Workspace/STM32_Task_Delete_Updated/inc" -I"D:/EmbeddedCodes/RTOS_Workspace/STM32_Task_Delete_Updated/CMSIS/device" -I"D:/EmbeddedCodes/RTOS_Workspace/STM32_Task_Delete_Updated/CMSIS/core" -O0 -g3 -Wall -fmessage-length=0 -ffunction-sections -c -MMD -MP -MF"StdPeriph_Driver/src/stm32f4xx_rcc.d" -MT"StdPeriph_Driver/src/stm32f4xx_rcc.o" -o "StdPeriph_Driver/src/stm32f4xx_rcc.o" "../StdPeriph_Driver/src/stm32f4xx_rcc.c"
Finished building: ../StdPeriph_Driver/src/stm32f4xx_i2c.c
Invoking: MCU GCC Compiler
Invoking: MCU GCC Compiler
 
D:\EmbeddedCodes\RTOS_Workspace\STM32_Task_Delete_Updated\Debug
D:\EmbeddedCodes\RTOS_Workspace\STM32_Task_Delete_Updated\Debug
arm-none-eabi-gcc -mcpu=cortex-m4 -mthumb -mfloat-abi=hard -mfpu=fpv4-sp-d16 -DSTM32 -DSTM32F4 -DSTM32F446RETx -DNUCLEO_F446RE -DDEBUG -DSTM32F446xx -DUSE_STDPERIPH_DRIVER -I"D:/EmbeddedCodes/RTOS_Workspace/STM32_Task_Delete_Updated/StdPeriph_Driver/inc" -I"D:/EmbeddedCodes/RTOS_Workspace/STM32_Task_Delete_Updated/Config" -I"D:/EmbeddedCodes/RTOS_Workspace/STM32_Task_Delete_Updated/Third-party/SEGGER/Config" -I"D:/EmbeddedCodes/RTOS_Workspace/STM32_Task_Delete_Updated/Third-party/SEGGER/OS" -I"D:/EmbeddedCodes/RTOS_Workspace/STM32_Task_Delete_Updated/Third-party/SEGGER/SEGGER" -I"D:/EmbeddedCodes/RTOS_Workspace/STM32_Task_Delete_Updated/Third-party/FreeRTOS/org/Source/portable/GCC/ARM_CM4F" -I"D:/EmbeddedCodes/RTOS_Workspace/STM32_Task_Delete_Updated/Third-party/FreeRTOS/org/Source/include" -I"D:/EmbeddedCodes/RTOS_Workspace/STM32_Task_Delete_Updated/inc" -I"D:/EmbeddedCodes/RTOS_Workspace/STM32_Task_Delete_Updated/CMSIS/device" -I"D:/EmbeddedCodes/RTOS_Workspace/STM32_Task_Delete_Updated/CMSIS/core" -O0 -g3 -Wall -fmessage-length=0 -ffunction-sections -c -MMD -MP -MF"StdPeriph_Driver/src/stm32f4xx_rng.d" -MT"StdPeriph_Driver/src/stm32f4xx_rng.o" -o "StdPeriph_Driver/src/stm32f4xx_rng.o" "../StdPeriph_Driver/src/stm32f4xx_rng.c"
arm-none-eabi-gcc -mcpu=cortex-m4 -mthumb -mfloat-abi=hard -mfpu=fpv4-sp-d16 -DSTM32 -DSTM32F4 -DSTM32F446RETx -DNUCLEO_F446RE -DDEBUG -DSTM32F446xx -DUSE_STDPERIPH_DRIVER -I"D:/EmbeddedCodes/RTOS_Workspace/STM32_Task_Delete_Updated/StdPeriph_Driver/inc" -I"D:/EmbeddedCodes/RTOS_Workspace/STM32_Task_Delete_Updated/Config" -I"D:/EmbeddedCodes/RTOS_Workspace/STM32_Task_Delete_Updated/Third-party/SEGGER/Config" -I"D:/EmbeddedCodes/RTOS_Workspace/STM32_Task_Delete_Updated/Third-party/SEGGER/OS" -I"D:/EmbeddedCodes/RTOS_Workspace/STM32_Task_Delete_Updated/Third-party/SEGGER/SEGGER" -I"D:/EmbeddedCodes/RTOS_Workspace/STM32_Task_Delete_Updated/Third-party/FreeRTOS/org/Source/portable/GCC/ARM_CM4F" -I"D:/EmbeddedCodes/RTOS_Workspace/STM32_Task_Delete_Updated/Third-party/FreeRTOS/org/Source/include" -I"D:/EmbeddedCodes/RTOS_Workspace/STM32_Task_Delete_Updated/inc" -I"D:/EmbeddedCodes/RTOS_Workspace/STM32_Task_Delete_Updated/CMSIS/device" -I"D:/EmbeddedCodes/RTOS_Workspace/STM32_Task_Delete_Updated/CMSIS/core" -O0 -g3 -Wall -fmessage-length=0 -ffunction-sections -c -MMD -MP -MF"StdPeriph_Driver/src/stm32f4xx_rtc.d" -MT"StdPeriph_Driver/src/stm32f4xx_rtc.o" -o "StdPeriph_Driver/src/stm32f4xx_rtc.o" "../StdPeriph_Driver/src/stm32f4xx_rtc.c"
Finished building: ../StdPeriph_Driver/src/stm32f4xx_lptim.c
Building file: ../StdPeriph_Driver/src/stm32f4xx_sai.c
 
Invoking: MCU GCC Compiler
Building file: ../StdPeriph_Driver/src/stm32f4xx_sdio.c
D:\EmbeddedCodes\RTOS_Workspace\STM32_Task_Delete_Updated\Debug
Invoking: MCU GCC Compiler
arm-none-eabi-gcc -mcpu=cortex-m4 -mthumb -mfloat-abi=hard -mfpu=fpv4-sp-d16 -DSTM32 -DSTM32F4 -DSTM32F446RETx -DNUCLEO_F446RE -DDEBUG -DSTM32F446xx -DUSE_STDPERIPH_DRIVER -I"D:/EmbeddedCodes/RTOS_Workspace/STM32_Task_Delete_Updated/StdPeriph_Driver/inc" -I"D:/EmbeddedCodes/RTOS_Workspace/STM32_Task_Delete_Updated/Config" -I"D:/EmbeddedCodes/RTOS_Workspace/STM32_Task_Delete_Updated/Third-party/SEGGER/Config" -I"D:/EmbeddedCodes/RTOS_Workspace/STM32_Task_Delete_Updated/Third-party/SEGGER/OS" -I"D:/EmbeddedCodes/RTOS_Workspace/STM32_Task_Delete_Updated/Third-party/SEGGER/SEGGER" -I"D:/EmbeddedCodes/RTOS_Workspace/STM32_Task_Delete_Updated/Third-party/FreeRTOS/org/Source/portable/GCC/ARM_CM4F" -I"D:/EmbeddedCodes/RTOS_Workspace/STM32_Task_Delete_Updated/Third-party/FreeRTOS/org/Source/include" -I"D:/EmbeddedCodes/RTOS_Workspace/STM32_Task_Delete_Updated/inc" -I"D:/EmbeddedCodes/RTOS_Workspace/STM32_Task_Delete_Updated/CMSIS/device" -I"D:/EmbeddedCodes/RTOS_Workspace/STM32_Task_Delete_Updated/CMSIS/core" -O0 -g3 -Wall -fmessage-length=0 -ffunction-sections -c -MMD -MP -MF"StdPeriph_Driver/src/stm32f4xx_sai.d" -MT"StdPeriph_Driver/src/stm32f4xx_sai.o" -o "StdPeriph_Driver/src/stm32f4xx_sai.o" "../StdPeriph_Driver/src/stm32f4xx_sai.c"
D:\EmbeddedCodes\RTOS_Workspace\STM32_Task_Delete_Updated\Debug
arm-none-eabi-gcc -mcpu=cortex-m4 -mthumb -mfloat-abi=hard -mfpu=fpv4-sp-d16 -DSTM32 -DSTM32F4 -DSTM32F446RETx -DNUCLEO_F446RE -DDEBUG -DSTM32F446xx -DUSE_STDPERIPH_DRIVER -I"D:/EmbeddedCodes/RTOS_Workspace/STM32_Task_Delete_Updated/StdPeriph_Driver/inc" -I"D:/EmbeddedCodes/RTOS_Workspace/STM32_Task_Delete_Updated/Config" -I"D:/EmbeddedCodes/RTOS_Workspace/STM32_Task_Delete_Updated/Third-party/SEGGER/Config" -I"D:/EmbeddedCodes/RTOS_Workspace/STM32_Task_Delete_Updated/Third-party/SEGGER/OS" -I"D:/EmbeddedCodes/RTOS_Workspace/STM32_Task_Delete_Updated/Third-party/SEGGER/SEGGER" -I"D:/EmbeddedCodes/RTOS_Workspace/STM32_Task_Delete_Updated/Third-party/FreeRTOS/org/Source/portable/GCC/ARM_CM4F" -I"D:/EmbeddedCodes/RTOS_Workspace/STM32_Task_Delete_Updated/Third-party/FreeRTOS/org/Source/include" -I"D:/EmbeddedCodes/RTOS_Workspace/STM32_Task_Delete_Updated/inc" -I"D:/EmbeddedCodes/RTOS_Workspace/STM32_Task_Delete_Updated/CMSIS/device" -I"D:/EmbeddedCodes/RTOS_Workspace/STM32_Task_Delete_Updated/CMSIS/core" -O0 -g3 -Wall -fmessage-length=0 -ffunction-sections -c -MMD -MP -MF"StdPeriph_Driver/src/stm32f4xx_sdio.d" -MT"StdPeriph_Driver/src/stm32f4xx_sdio.o" -o "StdPeriph_Driver/src/stm32f4xx_sdio.o" "../StdPeriph_Driver/src/stm32f4xx_sdio.c"
Finished building: ../StdPeriph_Driver/src/stm32f4xx_ltdc.c
Finished building: ../StdPeriph_Driver/src/stm32f4xx_pwr.c
 
 
Building file: ../StdPeriph_Driver/src/stm32f4xx_spdifrx.c
Invoking: MCU GCC Compiler
Finished building: ../StdPeriph_Driver/src/stm32f4xx_qspi.c
Building file: ../StdPeriph_Driver/src/stm32f4xx_spi.c
Invoking: MCU GCC Compiler
 
D:\EmbeddedCodes\RTOS_Workspace\STM32_Task_Delete_Updated\Debug
arm-none-eabi-gcc -mcpu=cortex-m4 -mthumb -mfloat-abi=hard -mfpu=fpv4-sp-d16 -DSTM32 -DSTM32F4 -DSTM32F446RETx -DNUCLEO_F446RE -DDEBUG -DSTM32F446xx -DUSE_STDPERIPH_DRIVER -I"D:/EmbeddedCodes/RTOS_Workspace/STM32_Task_Delete_Updated/StdPeriph_Driver/inc" -I"D:/EmbeddedCodes/RTOS_Workspace/STM32_Task_Delete_Updated/Config" -I"D:/EmbeddedCodes/RTOS_Workspace/STM32_Task_Delete_Updated/Third-party/SEGGER/Config" -I"D:/EmbeddedCodes/RTOS_Workspace/STM32_Task_Delete_Updated/Third-party/SEGGER/OS" -I"D:/EmbeddedCodes/RTOS_Workspace/STM32_Task_Delete_Updated/Third-party/SEGGER/SEGGER" -I"D:/EmbeddedCodes/RTOS_Workspace/STM32_Task_Delete_Updated/Third-party/FreeRTOS/org/Source/portable/GCC/ARM_CM4F" -I"D:/EmbeddedCodes/RTOS_Workspace/STM32_Task_Delete_Updated/Third-party/FreeRTOS/org/Source/include" -I"D:/EmbeddedCodes/RTOS_Workspace/STM32_Task_Delete_Updated/inc" -I"D:/EmbeddedCodes/RTOS_Workspace/STM32_Task_Delete_Updated/CMSIS/device" -I"D:/EmbeddedCodes/RTOS_Workspace/STM32_Task_Delete_Updated/CMSIS/core" -O0 -g3 -Wall -fmessage-length=0 -ffunction-sections -c -MMD -MP -MF"StdPeriph_Driver/src/stm32f4xx_spdifrx.d" -MT"StdPeriph_Driver/src/stm32f4xx_spdifrx.o" -o "StdPeriph_Driver/src/stm32f4xx_spdifrx.o" "../StdPeriph_Driver/src/stm32f4xx_spdifrx.c"
D:\EmbeddedCodes\RTOS_Workspace\STM32_Task_Delete_Updated\Debug
arm-none-eabi-gcc -mcpu=cortex-m4 -mthumb -mfloat-abi=hard -mfpu=fpv4-sp-d16 -DSTM32 -DSTM32F4 -DSTM32F446RETx -DNUCLEO_F446RE -DDEBUG -DSTM32F446xx -DUSE_STDPERIPH_DRIVER -I"D:/EmbeddedCodes/RTOS_Workspace/STM32_Task_Delete_Updated/StdPeriph_Driver/inc" -I"D:/EmbeddedCodes/RTOS_Workspace/STM32_Task_Delete_Updated/Config" -I"D:/EmbeddedCodes/RTOS_Workspace/STM32_Task_Delete_Updated/Third-party/SEGGER/Config" -I"D:/EmbeddedCodes/RTOS_Workspace/STM32_Task_Delete_Updated/Third-party/SEGGER/OS" -I"D:/EmbeddedCodes/RTOS_Workspace/STM32_Task_Delete_Updated/Third-party/SEGGER/SEGGER" -I"D:/EmbeddedCodes/RTOS_Workspace/STM32_Task_Delete_Updated/Third-party/FreeRTOS/org/Source/portable/GCC/ARM_CM4F" -I"D:/EmbeddedCodes/RTOS_Workspace/STM32_Task_Delete_Updated/Third-party/FreeRTOS/org/Source/include" -I"D:/EmbeddedCodes/RTOS_Workspace/STM32_Task_Delete_Updated/inc" -I"D:/EmbeddedCodes/RTOS_Workspace/STM32_Task_Delete_Updated/CMSIS/device" -I"D:/EmbeddedCodes/RTOS_Workspace/STM32_Task_Delete_Updated/CMSIS/core" -O0 -g3 -Wall -fmessage-length=0 -ffunction-sections -c -MMD -MP -MF"StdPeriph_Driver/src/stm32f4xx_spi.d" -MT"StdPeriph_Driver/src/stm32f4xx_spi.o" -o "StdPeriph_Driver/src/stm32f4xx_spi.o" "../StdPeriph_Driver/src/stm32f4xx_spi.c"
Building file: ../StdPeriph_Driver/src/stm32f4xx_syscfg.c
Invoking: MCU GCC Compiler
D:\EmbeddedCodes\RTOS_Workspace\STM32_Task_Delete_Updated\Debug
arm-none-eabi-gcc -mcpu=cortex-m4 -mthumb -mfloat-abi=hard -mfpu=fpv4-sp-d16 -DSTM32 -DSTM32F4 -DSTM32F446RETx -DNUCLEO_F446RE -DDEBUG -DSTM32F446xx -DUSE_STDPERIPH_DRIVER -I"D:/EmbeddedCodes/RTOS_Workspace/STM32_Task_Delete_Updated/StdPeriph_Driver/inc" -I"D:/EmbeddedCodes/RTOS_Workspace/STM32_Task_Delete_Updated/Config" -I"D:/EmbeddedCodes/RTOS_Workspace/STM32_Task_Delete_Updated/Third-party/SEGGER/Config" -I"D:/EmbeddedCodes/RTOS_Workspace/STM32_Task_Delete_Updated/Third-party/SEGGER/OS" -I"D:/EmbeddedCodes/RTOS_Workspace/STM32_Task_Delete_Updated/Third-party/SEGGER/SEGGER" -I"D:/EmbeddedCodes/RTOS_Workspace/STM32_Task_Delete_Updated/Third-party/FreeRTOS/org/Source/portable/GCC/ARM_CM4F" -I"D:/EmbeddedCodes/RTOS_Workspace/STM32_Task_Delete_Updated/Third-party/FreeRTOS/org/Source/include" -I"D:/EmbeddedCodes/RTOS_Workspace/STM32_Task_Delete_Updated/inc" -I"D:/EmbeddedCodes/RTOS_Workspace/STM32_Task_Delete_Updated/CMSIS/device" -I"D:/EmbeddedCodes/RTOS_Workspace/STM32_Task_Delete_Updated/CMSIS/core" -O0 -g3 -Wall -fmessage-length=0 -ffunction-sections -c -MMD -MP -MF"StdPeriph_Driver/src/stm32f4xx_syscfg.d" -MT"StdPeriph_Driver/src/stm32f4xx_syscfg.o" -o "StdPeriph_Driver/src/stm32f4xx_syscfg.o" "../StdPeriph_Driver/src/stm32f4xx_syscfg.c"
Finished building: ../StdPeriph_Driver/src/stm32f4xx_rng.c
Finished building: ../StdPeriph_Driver/src/stm32f4xx_rcc.c
 
 
Building file: ../StdPeriph_Driver/src/stm32f4xx_tim.c
Finished building: ../StdPeriph_Driver/src/stm32f4xx_rtc.c
Invoking: MCU GCC Compiler
Building file: ../StdPeriph_Driver/src/stm32f4xx_usart.c
Invoking: MCU GCC Compiler
 
D:\EmbeddedCodes\RTOS_Workspace\STM32_Task_Delete_Updated\Debug
arm-none-eabi-gcc -mcpu=cortex-m4 -mthumb -mfloat-abi=hard -mfpu=fpv4-sp-d16 -DSTM32 -DSTM32F4 -DSTM32F446RETx -DNUCLEO_F446RE -DDEBUG -DSTM32F446xx -DUSE_STDPERIPH_DRIVER -I"D:/EmbeddedCodes/RTOS_Workspace/STM32_Task_Delete_Updated/StdPeriph_Driver/inc" -I"D:/EmbeddedCodes/RTOS_Workspace/STM32_Task_Delete_Updated/Config" -I"D:/EmbeddedCodes/RTOS_Workspace/STM32_Task_Delete_Updated/Third-party/SEGGER/Config" -I"D:/EmbeddedCodes/RTOS_Workspace/STM32_Task_Delete_Updated/Third-party/SEGGER/OS" -I"D:/EmbeddedCodes/RTOS_Workspace/STM32_Task_Delete_Updated/Third-party/SEGGER/SEGGER" -I"D:/EmbeddedCodes/RTOS_Workspace/STM32_Task_Delete_Updated/Third-party/FreeRTOS/org/Source/portable/GCC/ARM_CM4F" -I"D:/EmbeddedCodes/RTOS_Workspace/STM32_Task_Delete_Updated/Third-party/FreeRTOS/org/Source/include" -I"D:/EmbeddedCodes/RTOS_Workspace/STM32_Task_Delete_Updated/inc" -I"D:/EmbeddedCodes/RTOS_Workspace/STM32_Task_Delete_Updated/CMSIS/device" -I"D:/EmbeddedCodes/RTOS_Workspace/STM32_Task_Delete_Updated/CMSIS/core" -O0 -g3 -Wall -fmessage-length=0 -ffunction-sections -c -MMD -MP -MF"StdPeriph_Driver/src/stm32f4xx_tim.d" -MT"StdPeriph_Driver/src/stm32f4xx_tim.o" -o "StdPeriph_Driver/src/stm32f4xx_tim.o" "../StdPeriph_Driver/src/stm32f4xx_tim.c"
D:\EmbeddedCodes\RTOS_Workspace\STM32_Task_Delete_Updated\Debug
arm-none-eabi-gcc -mcpu=cortex-m4 -mthumb -mfloat-abi=hard -mfpu=fpv4-sp-d16 -DSTM32 -DSTM32F4 -DSTM32F446RETx -DNUCLEO_F446RE -DDEBUG -DSTM32F446xx -DUSE_STDPERIPH_DRIVER -I"D:/EmbeddedCodes/RTOS_Workspace/STM32_Task_Delete_Updated/StdPeriph_Driver/inc" -I"D:/EmbeddedCodes/RTOS_Workspace/STM32_Task_Delete_Updated/Config" -I"D:/EmbeddedCodes/RTOS_Workspace/STM32_Task_Delete_Updated/Third-party/SEGGER/Config" -I"D:/EmbeddedCodes/RTOS_Workspace/STM32_Task_Delete_Updated/Third-party/SEGGER/OS" -I"D:/EmbeddedCodes/RTOS_Workspace/STM32_Task_Delete_Updated/Third-party/SEGGER/SEGGER" -I"D:/EmbeddedCodes/RTOS_Workspace/STM32_Task_Delete_Updated/Third-party/FreeRTOS/org/Source/portable/GCC/ARM_CM4F" -I"D:/EmbeddedCodes/RTOS_Workspace/STM32_Task_Delete_Updated/Third-party/FreeRTOS/org/Source/include" -I"D:/EmbeddedCodes/RTOS_Workspace/STM32_Task_Delete_Updated/inc" -I"D:/EmbeddedCodes/RTOS_Workspace/STM32_Task_Delete_Updated/CMSIS/device" -I"D:/EmbeddedCodes/RTOS_Workspace/STM32_Task_Delete_Updated/CMSIS/core" -O0 -g3 -Wall -fmessage-length=0 -ffunction-sections -c -MMD -MP -MF"StdPeriph_Driver/src/stm32f4xx_usart.d" -MT"StdPeriph_Driver/src/stm32f4xx_usart.o" -o "StdPeriph_Driver/src/stm32f4xx_usart.o" "../StdPeriph_Driver/src/stm32f4xx_usart.c"
Building file: ../StdPeriph_Driver/src/stm32f4xx_wwdg.c
Finished building: ../StdPeriph_Driver/src/stm32f4xx_sai.c
Invoking: MCU GCC Compiler
Finished building: ../StdPeriph_Driver/src/stm32f4xx_sdio.c
 
D:\EmbeddedCodes\RTOS_Workspace\STM32_Task_Delete_Updated\Debug
arm-none-eabi-gcc -mcpu=cortex-m4 -mthumb -mfloat-abi=hard -mfpu=fpv4-sp-d16 -DSTM32 -DSTM32F4 -DSTM32F446RETx -DNUCLEO_F446RE -DDEBUG -DSTM32F446xx -DUSE_STDPERIPH_DRIVER -I"D:/EmbeddedCodes/RTOS_Workspace/STM32_Task_Delete_Updated/StdPeriph_Driver/inc" -I"D:/EmbeddedCodes/RTOS_Workspace/STM32_Task_Delete_Updated/Config" -I"D:/EmbeddedCodes/RTOS_Workspace/STM32_Task_Delete_Updated/Third-party/SEGGER/Config" -I"D:/EmbeddedCodes/RTOS_Workspace/STM32_Task_Delete_Updated/Third-party/SEGGER/OS" -I"D:/EmbeddedCodes/RTOS_Workspace/STM32_Task_Delete_Updated/Third-party/SEGGER/SEGGER" -I"D:/EmbeddedCodes/RTOS_Workspace/STM32_Task_Delete_Updated/Third-party/FreeRTOS/org/Source/portable/GCC/ARM_CM4F" -I"D:/EmbeddedCodes/RTOS_Workspace/STM32_Task_Delete_Updated/Third-party/FreeRTOS/org/Source/include" -I"D:/EmbeddedCodes/RTOS_Workspace/STM32_Task_Delete_Updated/inc" -I"D:/EmbeddedCodes/RTOS_Workspace/STM32_Task_Delete_Updated/CMSIS/device" -I"D:/EmbeddedCodes/RTOS_Workspace/STM32_Task_Delete_Updated/CMSIS/core" -O0 -g3 -Wall -fmessage-length=0 -ffunction-sections -c -MMD -MP -MF"StdPeriph_Driver/src/stm32f4xx_wwdg.d" -MT"StdPeriph_Driver/src/stm32f4xx_wwdg.o" -o "StdPeriph_Driver/src/stm32f4xx_wwdg.o" "../StdPeriph_Driver/src/stm32f4xx_wwdg.c"
 
Finished building: ../StdPeriph_Driver/src/stm32f4xx_spdifrx.c
 
Finished building: ../StdPeriph_Driver/src/stm32f4xx_spi.c
 
Finished building: ../StdPeriph_Driver/src/stm32f4xx_syscfg.c
 
Finished building: ../StdPeriph_Driver/src/stm32f4xx_wwdg.c
Finished building: ../StdPeriph_Driver/src/stm32f4xx_usart.c
 
 
Finished building: ../StdPeriph_Driver/src/stm32f4xx_tim.c
 
Building target: STM32_Task_Delete_Updated.elf
Invoking: MCU GCC Linker
arm-none-eabi-gcc -mcpu=cortex-m4 -mthumb -mfloat-abi=hard -mfpu=fpv4-sp-d16 -T"D:/EmbeddedCodes/RTOS_Workspace/STM32_Task_Delete_Updated/LinkerScript.ld" -Wl,-Map=output.map -Wl,--gc-sections -o "STM32_Task_Delete_Updated.elf" @"objects.list"   -lm
Finished building target: STM32_Task_Delete_Updated.elf
 
make --no-print-directory post-build
Generating binary and Printing size information:
arm-none-eabi-objcopy -O binary "STM32_Task_Delete_Updated.elf" "STM32_Task_Delete_Updated.bin"
arm-none-eabi-size "STM32_Task_Delete_Updated.elf"
   text	   data	    bss	    dec	    hex	filename
  18620	   1120	  96332	 116072	  1c568	STM32_Task_Delete_Updated.elf
 
17:03:46 **** Programming project STM32_Task_Delete_Updated on chip ****
"D:\\ProgramFiles\\Ac6\\SystemWorkbench\\plugins\\fr.ac6.mcu.externaltools.openocd.win32_1.23.0.201904120827\\tools\\openocd\\bin\\openocd.exe" -f stm32.flash.8628723052536580944.cfg -s "D:\\EmbeddedCodes\\RTOS_Workspace\\STM32_Task_Delete_Updated" -s "D:\\ProgramFiles\\Ac6\\SystemWorkbench\\plugins\\fr.ac6.mcu.debug_2.5.0.201904120827\\resources\\openocd\\st_scripts" -c "program Debug/STM32_Task_Delete_Updated.elf verify reset " -c shutdown 
Open On-Chip Debugger 0.10.0+dev-00021-g524e8c8 (2019-04-12-08:48)
Licensed under GNU GPL v2
For bug reports, read
	http://openocd.org/doc/doxygen/bugs.html
srst_only separate srst_nogate srst_open_drain connect_assert_srst
Info : The selected transport took over low-level target control. The results might differ compared to plain JTAG/SWD
adapter speed: 8000 kHz
adapter_nsrst_delay: 100
Info : clock speed 8000 kHz
Info : STLINK v2.1 JTAG v37 API v2 M27 VID 0x0483 PID 0x374B
Info : using stlink api v2
Info : Target voltage: 3.256353
Info : Unable to match requested speed 8000 kHz, using 4000 kHz
Info : Stlink adapter speed set to 4000 kHz
Info : STM32F446RETx.cpu: hardware has 6 breakpoints, 4 watchpoints
Info : Listening on port 3333 for gdb connections
target halted due to debug-request, current mode: Thread 
xPSR: 0x01000000 pc: 0x080040cc msp: 0x20020000
configuring PLL
Info : Unable to match requested speed 8000 kHz, using 4000 kHz
Info : Stlink adapter speed set to 4000 kHz
Info : Unable to match requested speed 8000 kHz, using 4000 kHz
adapter speed: 4000 kHz
** Programming Started **
auto erase enabled
Info : device id = 0x10006421
Info : flash size = 512kbytes
target halted due to breakpoint, current mode: Thread 
xPSR: 0x61000000 pc: 0x20000046 msp: 0x20020000
wrote 32768 bytes from file Debug/STM32_Task_Delete_Updated.elf in 1.048390s (30.523 KiB/s)
** Programming Finished **
** Verify Started **
target halted due to breakpoint, current mode: Thread 
xPSR: 0x61000000 pc: 0x2000002e msp: 0x20020000
target halted due to breakpoint, current mode: Thread 
xPSR: 0x61000000 pc: 0x2000002e msp: 0x20020000
verified 19800 bytes in 0.225710s (85.667 KiB/s)
** Verified OK **
** Resetting Target **
shutdown command invoked
