11:47:14 **** Incremental Build of configuration Debug for project STM32_Helloworld ****
make -j8 all 
Building file: ../src/main.c
Invoking: MCU GCC Compiler
D:\EmbeddedCodes\RTOS_Workspace\STM32_Helloworld\Debug
arm-none-eabi-gcc -mcpu=cortex-m4 -mthumb -mfloat-abi=hard -mfpu=fpv4-sp-d16 -DSTM32 -DSTM32F4 -DSTM32F446RETx -DNUCLEO_F446RE -DDEBUG -DSTM32F446xx -DUSE_STDPERIPH_DRIVER -I"D:/EmbeddedCodes/RTOS_Workspace/STM32_Helloworld/StdPeriph_Driver/inc" -I"D:/EmbeddedCodes/RTOS_Workspace/STM32_Helloworld/Config" -I"D:/EmbeddedCodes/RTOS_Workspace/STM32_Helloworld/Third-party/SEGGER/Config" -I"D:/EmbeddedCodes/RTOS_Workspace/STM32_Helloworld/Third-party/SEGGER/OS" -I"D:/EmbeddedCodes/RTOS_Workspace/STM32_Helloworld/Third-party/SEGGER/SEGGER" -I"D:/EmbeddedCodes/RTOS_Workspace/STM32_Helloworld/Config" -I"D:/EmbeddedCodes/RTOS_Workspace/STM32_Helloworld/Third-party/FreeRTOS/org/Source/include" -I"D:/EmbeddedCodes/RTOS_Workspace/STM32_Helloworld/Third-party/FreeRTOS/org/Source/portable/GCC/ARM_CM4F" -I"D:/EmbeddedCodes/RTOS_Workspace/STM32_Helloworld/inc" -I"D:/EmbeddedCodes/RTOS_Workspace/STM32_Helloworld/CMSIS/device" -I"D:/EmbeddedCodes/RTOS_Workspace/STM32_Helloworld/CMSIS/core" -O0 -g3 -Wall -fmessage-length=0 -ffunction-sections -c -MMD -MP -MF"src/main.d" -MT"src/main.o" -o "src/main.o" "../src/main.c"
Finished building: ../src/main.c
 
Building target: STM32_Helloworld.elf
Invoking: MCU GCC Linker
arm-none-eabi-gcc -mcpu=cortex-m4 -mthumb -mfloat-abi=hard -mfpu=fpv4-sp-d16 -specs=rdimon.specs -lc -lrdimon -T"D:/EmbeddedCodes/RTOS_Workspace/STM32_Helloworld/LinkerScript.ld" -Wl,-Map=output.map -Wl,--gc-sections -o "STM32_Helloworld.elf" @"objects.list"   -lm
Finished building target: STM32_Helloworld.elf
 
make --no-print-directory post-build
Generating binary and Printing size information:
arm-none-eabi-objcopy -O binary "STM32_Helloworld.elf" "STM32_Helloworld.bin"
arm-none-eabi-size "STM32_Helloworld.elf"
   text	   data	    bss	    dec	    hex	filename
  16008	   1128	  88244	 105380	  19ba4	STM32_Helloworld.elf
 

11:47:23 Build Finished (took 8s.557ms)

