16:46:47 **** Incremental Build of configuration Debug for project STM32_Task_Delete ****
make -j8 all 
Building file: ../src/main.c
Invoking: MCU GCC Compiler
D:\EmbeddedCodes\RTOS_Workspace\STM32_Task_Delete\Debug
arm-none-eabi-gcc -mcpu=cortex-m4 -mthumb -mfloat-abi=hard -mfpu=fpv4-sp-d16 -DSTM32 -DSTM32F4 -DSTM32F446RETx -DNUCLEO_F446RE -DDEBUG -DSTM32F446xx -DUSE_STDPERIPH_DRIVER -I"D:/EmbeddedCodes/RTOS_Workspace/STM32_Task_Delete/StdPeriph_Driver/inc" -I"D:/EmbeddedCodes/RTOS_Workspace/STM32_Task_Delete/Third-party/FreeRTOS/org/Source/portable/GCC/ARM_CM4F" -I"D:/EmbeddedCodes/RTOS_Workspace/STM32_Task_Delete/Third-party/FreeRTOS/org/Source/portable" -I"D:/EmbeddedCodes/RTOS_Workspace/STM32_Task_Delete/Third-party/FreeRTOS/org/Source/include" -I"D:/EmbeddedCodes/RTOS_Workspace/STM32_Task_Delete/Third-party/SEGGER/Config" -I"D:/EmbeddedCodes/RTOS_Workspace/STM32_Task_Delete/Third-party/SEGGER/OS" -I"D:/EmbeddedCodes/RTOS_Workspace/STM32_Task_Delete/Third-party/SEGGER/SEGGER" -I"D:/EmbeddedCodes/RTOS_Workspace/STM32_Task_Delete/Config" -I"D:/EmbeddedCodes/RTOS_Workspace/STM32_Task_Delete/inc" -I"D:/EmbeddedCodes/RTOS_Workspace/STM32_Task_Delete/CMSIS/device" -I"D:/EmbeddedCodes/RTOS_Workspace/STM32_Task_Delete/CMSIS/core" -O0 -g3 -Wall -fmessage-length=0 -ffunction-sections -c -MMD -MP -MF"src/main.d" -MT"src/main.o" -o "src/main.o" "../src/main.c"
Finished building: ../src/main.c
 
Building target: STM32_Task_Delete.elf
Invoking: MCU GCC Linker
arm-none-eabi-gcc -mcpu=cortex-m4 -mthumb -mfloat-abi=hard -mfpu=fpv4-sp-d16 -T"D:/EmbeddedCodes/RTOS_Workspace/STM32_Task_Delete/LinkerScript.ld" -Wl,-Map=output.map -Wl,--gc-sections -o "STM32_Task_Delete.elf" @"objects.list"   -lm
Finished building target: STM32_Task_Delete.elf
 
make --no-print-directory post-build
Generating binary and Printing size information:
arm-none-eabi-objcopy -O binary "STM32_Task_Delete.elf" "STM32_Task_Delete.bin"
arm-none-eabi-size "STM32_Task_Delete.elf"
   text	   data	    bss	    dec	    hex	filename
  17628	   1120	  96332	 115080	  1c188	STM32_Task_Delete.elf
 

16:46:52 Build Finished (took 5s.404ms)

